mmu: enabled
heap: ok (16777216 bytes)
irq: GICv2 (MMIO CPU interface)
kernel: hello (aarch64)
build: debug profile, aarch64-unknown-none target
frame: console + traps + paging + heap + IRQ online
alloc: vec=[0, 1, 4, 9, 16, 25, 36, 49] box=*0xabcd1234
memory: heap region 0x4023b018..0x4123b018 (16384 KiB)
timer: CNTFRQ=62500000 Hz, generic timer ready
kernel: launching user program (EL0)
process: pid 1 entering EL0 at 0x404a98 (sp=0xbffeb0)
vfs: fd table live (0,1,2 -> /dev/console)
[pid 1] syscall 222 -> 8388608
[pid 1] syscall 96 -> 1
[pid 1] syscall 73 -> 0
[pid 1] syscall 134 -> 0
[pid 1] syscall 134 -> 0
[pid 1] syscall 132 -> 0
[pid 1] syscall 222 -> 8392704
[pid 1] syscall 226 -> 0
[pid 1] syscall 132 -> 0
[pid 1] syscall 135 -> 0
[pid 1] syscall 134 -> 0
[pid 1] syscall 134 -> 0
[pid 1] syscall 134 -> 0
[pid 1] syscall 214 -> 5263360
[pid 1] syscall 214 -> 5271552
[pid 1] syscall 222 -> 8409088
[pid 1] syscall 222 -> 8413184
[pid 1] syscall 56 -> 3
[pid 1] syscall 24 -> 0
[pid 1] syscall 24 -> 1
[pid 1] syscall 24 -> 2
[pid 1] syscall 57 -> 0
[pid 1] syscall 215 -> 0
[pid 1] syscall 222 -> 8417280
=== talos-rust init (PID1) booting ===
[pid 1] syscall 56 -> 3
[pid 1] syscall 25 -> 0
[pid 1] syscall 80 -> 0
[pid 1] syscall 63 -> 32
[pid 1] syscall 222 -> 8421376
[pid 1] syscall 63 -> 32
[pid 1] syscall 63 -> 1
[pid 1] syscall 63 -> 0
[pid 1] syscall 57 -> 0
[pid 1] syscall 215 -> 0
[seq] runtime mode: metal
[pid 1] syscall 222 -> 8425472
[pid 1] syscall 278 -> 16
[seq] >>> phase 1/7 mountPseudoFs
[pid 1] syscall 222 -> 8429568
[pid 1] syscall 34 -> 0
[pid 1] syscall 40 -> 0
[pid 1] syscall 34 -> 0
[pid 1] syscall 40 -> 0
[pid 1] syscall 34 -> 0
[pid 1] syscall 40 -> 0
[pid 1] syscall 34 -> 0
[pid 1] syscall 40 -> 0
[pid 1] syscall 34 -> 0
[pid 1] syscall 40 -> 0
[pid 1] syscall 34 -> 0
[pid 1] syscall 40 -> 0
[pid 1] syscall 215 -> 0
[seq] phase=mountPseudoFs task=mountPseudoFilesystems: ok
[seq] >>> phase 2/7 systemDirectories
[pid 1] syscall 34 -> 0
[pid 1] syscall 34 -> 0
[pid 1] syscall 34 -> 0
[pid 1] syscall 34 -> 0
[pid 1] syscall 34 -> 0
[pid 1] syscall 34 -> 0
[seq] phase=systemDirectories task=setupSystemDirectory: ok
[pid 1] syscall 56 -> -2
[seq] [0] sysctl kernel.kptr_restrict: skipped (ENOENT)
[pid 1] syscall 56 -> -2
[seq] [1] sysctl kernel.dmesg_restrict: skipped (ENOENT)
[pid 1] syscall 56 -> -2
[seq] [2] sysctl kernel.kexec_load_disabled: skipped (ENOENT)
[pid 1] syscall 56 -> -2
[seq] [3] sysctl kernel.unprivileged_bpf_disabled: skipped (ENOENT)
[pid 1] syscall 222 -> 8433664
[seq] [seq] enforceKSPP: applied [], skipped ["kernel.kptr_restrict", "kernel.dmesg_restrict", "kernel.kexec_load_disabled", "kernel.unprivileged_bpf_disabled"]
[pid 1] syscall 215 -> 0
[seq] phase=systemDirectories task=enforceKSPP: ok
[seq] >>> phase 3/7 loadConfig
[pid 1] syscall 56 -> 3
[pid 1] syscall 25 -> 0
[pid 1] syscall 80 -> 0
[pid 1] syscall 63 -> 32
[pid 1] syscall 63 -> 32
[pid 1] syscall 63 -> 16
[pid 1] syscall 63 -> 0
[pid 1] syscall 57 -> 0
[pid 1] syscall 222 -> 8437760
[pid 1] syscall 215 -> 0
[seq] phase=loadConfig task=bootstrapNetworkForConfig: skipped
[pid 1] syscall 56 -> 3
[pid 1] syscall 25 -> 0
[pid 1] syscall 80 -> 0
[pid 1] syscall 63 -> 32
[pid 1] syscall 63 -> 32
[pid 1] syscall 63 -> 16
[pid 1] syscall 63 -> 0
[pid 1] syscall 57 -> 0
[pid 1] syscall 222 -> 8441856
[pid 1] syscall 56 -> 3
[pid 1] syscall 25 -> 0
[pid 1] syscall 80 -> 0
[pid 1] syscall 63 -> 32
[pid 1] syscall 63 -> 32
[pid 1] syscall 63 -> 49
[pid 1] syscall 63 -> 0
[pid 1] syscall 57 -> 0
[seq] config source: initramfs-fallback path=/machine-config.yaml reason=no platform config source
[pid 1] syscall 222 -> 8445952
[pid 1] syscall 215 -> 0
[pid 1] syscall 222 -> 8450048
[pid 1] syscall 222 -> 8454144
[pid 1] syscall 215 -> 0
[pid 1] syscall 215 -> 0
[seq] phase=loadConfig task=loadAndValidateConfig: ok
[seq] >>> phase 4/7 setHostname
[pid 1] syscall 222 -> 8458240
[pid 1] syscall 215 -> 0
[pid 1] syscall 222 -> 8462336
[pid 1] syscall 222 -> 8466432
[pid 1] syscall 215 -> 0
[pid 1] syscall 215 -> 0
[pid 1] syscall 161 -> -38
[pid 1] syscall 161 -> -38
[seq] set_hostname: skipped (ENOSYS, sandbox; mode=metal)
[seq] phase=setHostname task=setHostname: ok
[seq] >>> phase 5/7 network
[net] lo: bringing up (set_link_up / rtnetlink RTM_NEWLINK)
[pid 1] syscall 198 -> -38
[net] lo: set_link_up failed (not found: interface 'lo' not found); trying ioctl compatibility path
[pid 1] syscall 198 -> -38
[seq] link_up(lo): skipped (ENOSYS, sandbox; mode=metal)
[pid 1] syscall 79 -> 0
[pid 1] syscall 56 -> -2
[net] module virtio_mmio: finit_module failed (errno 2)
[pid 1] syscall 79 -> 0
[pid 1] syscall 56 -> -2
[net] module failover: finit_module failed (errno 2)
[pid 1] syscall 79 -> 0
[pid 1] syscall 56 -> -2
[net] module net_failover: finit_module failed (errno 2)
[pid 1] syscall 79 -> 0
[pid 1] syscall 56 -> -2
[net] module virtio_net: finit_module failed (errno 2)
[net] eth0: waiting for interface to appear...
[pid 1] syscall 56 -> -2
[net] /sys/class/net: []
[pid 1] syscall 79 -> 0
[net] eth0: bringing up (set_link_up / rtnetlink RTM_NEWLINK)
[pid 1] syscall 198 -> -38
[net] eth0: not brought up (not found: interface 'eth0' not found)
[net] eth0: no static address in machine config; skipping add_ipv4
[seq] boot-cosi-network-bridge: start
[pid 1] syscall 222 -> 8470528
[pid 1] syscall 222 -> 8474624
[seq] boot-cosi-network-bridge: seeded MachineConfigDocument
[pid 1] syscall 198 -> 3
[pid 1] syscall 200 -> 0
[pid 1] syscall 206 -> 32
[pid 1] syscall 222 -> 8478720
[pid 1] syscall 207 -> 16
[pid 1] syscall 215 -> 0
[pid 1] syscall 57 -> 0
[pid 1] syscall 222 -> 8507392
[pid 1] syscall 222 -> 8511488
[pid 1] syscall 215 -> 0
[pid 1] syscall 215 -> 0
[pid 1] syscall 222 -> 8515584
[pid 1] syscall 222 -> 8519680
[pid 1] syscall 215 -> 0
[pid 1] syscall 215 -> 0
[pid 1] syscall 222 -> 8523776
[pid 1] syscall 222 -> 8527872
[pid 1] syscall 215 -> 0
[pid 1] syscall 215 -> 0
[pid 1] syscall 222 -> 8531968
[pid 1] syscall 222 -> 8536064
[pid 1] syscall 215 -> 0
[pid 1] syscall 215 -> 0
[pid 1] syscall 222 -> 8540160
[pid 1] syscall 222 -> 8544256
[pid 1] syscall 215 -> 0
[pid 1] syscall 215 -> 0
[pid 1] syscall 222 -> 8548352
[pid 1] syscall 222 -> 8552448
[pid 1] syscall 215 -> 0
[pid 1] syscall 215 -> 0
[pid 1] syscall 222 -> 8556544
[pid 1] syscall 222 -> 8560640
[pid 1] syscall 215 -> 0
[pid 1] syscall 215 -> 0
[seq] boot-cosi-network-bridge: stable ticks=1
[net] link-status: eth0 not published in boot snapshot (published=0)
[pid 1] syscall 222 -> 8564736
[pid 1] syscall 215 -> 0
[pid 1] syscall 222 -> 8568832
[pid 1] syscall 215 -> 0
[pid 1] syscall 222 -> 8572928
[pid 1] syscall 215 -> 0
[seq] image-cache-runtime-plan: status=disabled copyStatus=skipped roots=[] registrydAction=none
[seq] image-cache-runtime: copy status=no-plan source= target= filesCopied=0 filesSkipped=0 dirsCreated=0 bytesCopied=0
[seq] image-cache-runtime: copyState done=false
[seq] image-cache-runtime: registryd status=no-action loaded=false started=false running=false healthy=false observedStatus=disabled observedAction=none
[seq] phase=network task=bringNetworkUp: ok
[seq] >>> phase 6/7 startServices
[seq] service-start: name=svc status=preparing command=/usr/bin/svc restart=never
[pid 1] syscall 135 -> 0
[pid 1] syscall 135 -> 0
[pid 1] clone -> child pid 2
[pid 1] syscall 220 -> 2
[pid 1] syscall 135 -> 0
cow: copied page on write fault (va=0xbff000)
[pid 1] syscall 135 -> 0
service svc started pid=2
[seq] service-start: name=svc status=running pid=2
[pid 2] syscall 96 -> 2
[pid 2] syscall 135 -> 0
[pid 2] syscall 135 -> 0
[pid 2] execve -> loading embedded exec image
[pid 2] syscall 96 -> 2
[pid 2] syscall 73 -> 0
[pid 2] syscall 134 -> 0
[pid 2] syscall 134 -> 0
[pid 2] syscall 132 -> 0
[pid 2] syscall 222 -> 8388608
[pid 2] syscall 226 -> 0
[pid 2] syscall 132 -> 0
[pid 2] syscall 135 -> 0
[pid 2] syscall 134 -> 0
[pid 2] syscall 134 -> 0
[pid 2] syscall 134 -> 0
[pid 2] syscall 214 -> 4673536
[pid 2] syscall 214 -> 4681728
[pid 2] syscall 222 -> 8404992
[pid 2] syscall 222 -> 8409088
talos-svc: heartbeat 1
[pid 2] syscall 115 -> 0
[seq] phase=startServices task=startServices: ok
[seq] >>> phase 7/7 running
[seq] machine is running
[seq] phase=running task=markRunning: ok
[seq] <<< all phases complete
[seq] boot complete: 7 phase(s), 8 task(s) done
talos-svc: heartbeat 2
[pid 2] syscall 115 -> 0
talos-svc: heartbeat 3
[pid 2] syscall 115 -> 0
talos-svc: done, exiting 0
[pid 2] syscall 215 -> 0
[pid 2] syscall 132 -> 0
[pid 2] syscall 215 -> 0
[pid 2] exit(0)
reaped svc pid=2 status=0
[pid 1] syscall 56 -> 3
[pid 1] syscall 25 -> 0
[pid 1] syscall 80 -> 0
[pid 1] syscall 63 -> 32
[pid 1] syscall 63 -> 32
[pid 1] syscall 63 -> 1
[pid 1] syscall 63 -> 0
[pid 1] syscall 57 -> 0
/proc/version: Linux version 6.6.0-kuberos (kuberos@framekernel) (rustc) #1 SMP
[pid 1] syscall 56 -> 3
[pid 1] syscall 25 -> 0
[pid 1] syscall 80 -> 0
[pid 1] syscall 63 -> 8
[pid 1] syscall 63 -> 0
[pid 1] syscall 57 -> 0
/proc/sys/kernel/hostname: kuberos
=== talos-rust init: OK ===
[pid 1] syscall 115 -> 0
[pid 1] syscall 215 -> 0
[pid 1] syscall 215 -> 0
[pid 1] syscall 215 -> 0
[pid 1] syscall 215 -> 0
[pid 1] syscall 81 -> 0
reboot: RB_POWER_OFF -> powering off
