mmu: enabled
heap: ok (1048576 bytes)
irq: GICv2 (MMIO CPU interface)
kernel: hello (aarch64)
build: debug profile, aarch64-unknown-none target
frame: console + traps + paging + heap + IRQ online
alloc: vec=[0, 1, 4, 9, 16, 25, 36, 49] box=*0xabcd1234
memory: heap region 0x4014b000..0x4024b000 (1024 KiB)
timer: CNTFRQ=62500000 Hz, generic timer ready
kernel: launching user program (EL0)
process: pid 1 entering EL0 at 0x4047b0 (sp=0xbffeb0)
vfs: fd table live (0,1,2 -> /dev/console)
[pid 1] syscall 96 -> 1
[pid 1] syscall 73 -> 0
[pid 1] syscall 134 -> 0
[pid 1] syscall 134 -> 0
[pid 1] syscall 132 -> 0
[pid 1] syscall 222 -> 8388608
[pid 1] syscall 226 -> 0
[pid 1] syscall 132 -> 0
[pid 1] syscall 135 -> 0
[pid 1] syscall 134 -> 0
[pid 1] syscall 134 -> 0
[pid 1] syscall 134 -> 0
[pid 1] syscall 214 -> 4673536
[pid 1] syscall 214 -> 4681728
[pid 1] syscall 222 -> 8404992
[pid 1] syscall 222 -> 8409088
talos-svc: heartbeat 1
[pid 1] syscall 115 -> 0
talos-svc: heartbeat 2
[pid 1] syscall 115 -> 0
talos-svc: heartbeat 3
[pid 1] syscall 115 -> 0
talos-svc: done, exiting 0
[pid 1] syscall 215 -> 0
[pid 1] syscall 132 -> 0
[pid 1] syscall 215 -> 0
[pid 1] exit(0)
all processes exited
kernel: OK
