mmu: enabled
heap: ok (1048576 bytes)
irq: GICv2 (MMIO CPU interface)
kernel: hello (aarch64)
build: debug profile, aarch64-unknown-none target
frame: console + traps + paging + heap + IRQ online
alloc: vec=[0, 1, 4, 9, 16, 25, 36, 49] box=*0xabcd1234
memory: heap region 0x400c4000..0x401c4000 (1024 KiB)
timer: CNTFRQ=62500000 Hz, generic timer ready
kernel: launching user program (EL0)
process: pid 1 entering EL0 at 0x400000 (sp=0xbffeb0)
vfs: fd table live (0,1,2 -> /dev/console)
[pid 1] syscall 160 -> 0
procinfo: uname ok sysname=Linux machine=aarch64
[pid 1] syscall 166 -> 18
[pid 1] syscall 166 -> 23
procinfo: umask ok prev=022 swapped=027
[pid 1] syscall 165 -> 0
procinfo: getrusage ok zeroed=144
[pid 1] syscall 153 -> 1
procinfo: times ok tick=1
[pid 1] syscall 114 -> 0
procinfo: clock_getres ok res=1ns
[pid 1] syscall 167 -> 0
procinfo: prctl ok PR_GET_NAME
procinfo: WAVE1 ALL OK
[pid 1] exit(0)
all processes exited
kernel: OK
