warning: associated function `new` is never used
  --> crates/ksync/src/spinlock.rs:62:8
   |
60 | impl<T> UnsafeCell<T> {
   | --------------------- associated function in this implementation
61 |     #[inline]
62 |     fn new(v: T) -> Self {
   |        ^^^
   |
   = note: `#[warn(dead_code)]` (part of `#[warn(unused)]`) on by default

warning: associated function `new` is never used
  --> crates/ksync/src/rwlock.rs:43:8
   |
41 | impl<T> UnsafeCell<T> {
   | --------------------- associated function in this implementation
42 |     #[inline]
43 |     fn new(v: T) -> Self {
   |        ^^^

warning: associated function `new` is never used
  --> crates/ksync/src/completion.rs:41:8
   |
39 | impl<T> UnsafeCell<T> {
   | --------------------- associated function in this implementation
40 |     #[inline]
41 |     fn new(v: T) -> Self {
   |        ^^^

warning: `ksync` (lib) generated 3 warnings
   Compiling arch-aarch64 v0.0.1 (/Users/jasonlee/Developer/linux/stack/kernel/crates/arch-aarch64)
   Compiling kernel v0.0.1 (/Users/jasonlee/Developer/linux/stack/kernel/crates/kernel)
    Finished `dev` profile [optimized + debuginfo] target(s) in 1.28s
warning: the following packages contain code that will be rejected by a future version of Rust: core v0.0.0 (/Users/jasonlee/.rustup/toolchains/nightly-2026-02-28-aarch64-apple-darwin/lib/rustlib/src/rust/library/core)
note: to see what the problems were, use the option `--future-incompat-report`, or run `cargo report future-incompatibilities --id 1`
