kernel: hello (x86_64)
paging: long mode
cr4: smep=false smap=false umip=false
heap: ok (1048576 bytes)
kernel: hello (x86_64)
build: debug profile, x86_64-unknown-none target
frame: console + traps + paging + heap + IRQ online
alloc: vec=[0, 1, 4, 9, 16, 25, 36, 49] box=*0xabcd1234
memory: heap region 0xc00000..0xd00000 (1024 KiB)
timer: CNTFRQ=1193182 Hz, generic timer ready
kernel: timer heartbeat, then launching user program (ring 3)
timer tick 1
timer tick 2
timer tick 3
process: pid 1 entering ring 3 at 0x400000 (rsp=0xbffeb0)
vfs: fd table live (0,1,2 -> /dev/console)
irq: 8259 PIC + PIT (tier3)
[pid 1] syscall 63 -> 0
procinfo: uname ok sysname=Linux machine=x86_64
[pid 1] syscall 95 -> 18
[pid 1] syscall 95 -> 23
procinfo: umask ok prev=022 swapped=027
[pid 1] syscall 98 -> 0
procinfo: getrusage ok zeroed=144
[pid 1] syscall 100 -> 1
procinfo: times ok tick=1
[pid 1] syscall 229 -> 0
procinfo: clock_getres ok res=1ns
[pid 1] syscall 157 -> 0
procinfo: prctl ok PR_GET_NAME
procinfo: WAVE1 ALL OK
[pid 1] exit(0)
all processes exited
kernel: OK
