kernel: hello (x86_64)
paging: long mode
cr4: smep=false smap=false umip=false
heap: ok (1048576 bytes)
kernel: hello (x86_64)
build: debug profile, x86_64-unknown-none target
frame: console + traps + paging + heap + IRQ online
alloc: vec=[0, 1, 4, 9, 16, 25, 36, 49] box=*0xabcd1234
memory: heap region 0xc00000..0xd00000 (1024 KiB)
timer: CNTFRQ=1193182 Hz, generic timer ready
kernel: timer heartbeat, then launching user program (ring 3)
timer tick 1
timer tick 2
timer tick 3
process: pid 1 entering ring 3 at 0x400000 (rsp=0xbffeb0)
vfs: fd table live (0,1,2 -> /dev/console)
irq: 8259 PIC + PIT (tier3)
user-spawn: parent pid=[pid 1] syscall 39 -> 1
1 forking a child
[pid 1] clone -> child pid 2
[pid 1] syscall 56 -> 2
cow: copied page on write fault (va=0xbff000)
user-spawn: parent forked child pid=2, waiting
user-spawn: child pid=[pid 2] syscall 39 -> 2
2 ppid=[pid 2] syscall 110 -> 1
1 execve-ing into user-exec
[pid 2] execve -> loading embedded exec image
[pid 2] syscall 39 -> 2
[pid 2] syscall 110 -> 1
user-exec: hello from exec'd image pid=2 ppid=1 exiting with 7
[pid 2] exit(7)
user-spawn: reaped child pid=2 exit status=7
user-spawn: OK parent reaped exec'd child correctly
[pid 1] exit(0)
all processes exited
kernel: OK
