kernel: hello (x86_64)
paging: long mode
cr4: smep=false smap=false umip=false
heap: ok (1048576 bytes)
kernel: hello (x86_64)
build: debug profile, x86_64-unknown-none target
frame: console + traps + paging + heap + IRQ online
alloc: vec=[0, 1, 4, 9, 16, 25, 36, 49] box=*0xabcd1234
memory: heap region 0xc00000..0xd00000 (1024 KiB)
timer: CNTFRQ=1193182 Hz, generic timer ready
kernel: timer heartbeat, then launching user program (ring 3)
timer tick 1
timer tick 2
timer tick 3
process: pid 1 entering ring 3 at 0x400000 (rsp=0xbffeb0)
vfs: fd table live (0,1,2 -> /dev/console)
irq: 8259 PIC + PIT (tier3)
[pid 1] syscall 228 -> 0
[pid 1] syscall 35 -> 0
[pid 1] syscall 228 -> 0
[pid 1] syscall 228 -> 0
clock: mono advanced delta_ms=50 realtime_sec=1704067200
[pid 1] exit(0)
all processes exited
kernel: OK
