mmu: enabled
heap: ok (1048576 bytes)
irq: GICv2 (MMIO CPU interface)
kernel: hello (aarch64)
build: debug profile, aarch64-unknown-none target
frame: console + traps + paging + heap + IRQ online
alloc: vec=[0, 1, 4, 9, 16, 25, 36, 49] box=*0xabcd1234
memory: heap region 0x400c6030..0x401c6030 (1024 KiB)
timer: CNTFRQ=62500000 Hz, generic timer ready
kernel: launching user program (EL0)
process: pid 1 entering EL0 at 0x400000 (sp=0xbffeb0)
vfs: fd table live (0,1,2 -> /dev/console)
[pid 1] syscall 113 -> 0
[pid 1] syscall 115 -> 0
[pid 1] syscall 113 -> 0
[pid 1] syscall 113 -> 0
clock: mono advanced delta_ms=50 realtime_sec=1704067200
[pid 1] exit(0)
all processes exited
kernel: OK
