mmu: enabled
heap: ok (1048576 bytes)
irq: GICv2 (MMIO CPU interface)
kernel: hello (aarch64)
build: debug profile, aarch64-unknown-none target
frame: console + traps + paging + heap + IRQ online
alloc: vec=[0, 1, 4, 9, 16, 25, 36, 49] box=*0xabcd1234
memory: heap region 0x400c4000..0x401c4000 (1024 KiB)
timer: CNTFRQ=62500000 Hz, generic timer ready
kernel: launching user program (EL0)
process: pid 1 entering EL0 at 0x400000 (sp=0xbffeb0)
vfs: fd table live (0,1,2 -> /dev/console)
user-spawn: parent pid=[pid 1] syscall 172 -> 1
1 forking a child
[pid 1] clone -> child pid 2
[pid 1] syscall 220 -> 2
user-spawn: parent forked child pid=cow: copied page on write fault (va=0xbff000)
2, waiting
user-spawn: child pid=[pid 2] syscall 172 -> 2
2 ppid=[pid 2] syscall 173 -> 1
1 execve-ing into user-exec
[pid 2] execve -> loading embedded exec image
[pid 2] syscall 172 -> 2
[pid 2] syscall 173 -> 1
user-exec: hello from exec'd image pid=2 ppid=1 exiting with 7
[pid 2] exit(7)
user-spawn: reaped child pid=2 exit status=7
user-spawn: OK parent reaped exec'd child correctly
[pid 1] exit(0)
all processes exited
kernel: OK
