mmu: enabled
heap: ok (1048576 bytes)
irq: GICv2 (MMIO CPU interface)
kernel: hello (aarch64)
build: debug profile, aarch64-unknown-none target
frame: console + traps + paging + heap + IRQ online
alloc: vec=[0, 1, 4, 9, 16, 25, 36, 49] box=*0xabcd1234
memory: heap region 0x400c4000..0x401c4000 (1024 KiB)
timer: CNTFRQ=62500000 Hz, generic timer ready
kernel: launching user program (EL0)
process: pid 1 entering EL0 at 0x400000 (sp=0xbffeb0)
vfs: fd table live (0,1,2 -> /dev/console)
user-signal: installing SIGUSR1 handler
[pid 1] syscall 134 -> 0
[pid 1] syscall 172 -> 1
user-signal: raising SIGUSR1 via tgkill
[pid 1] syscall 131 -> 0
signal: SIGUSR1 handler ran, flag=0xabcd
[pid 1] syscall 56 -> 3
[pid 1] syscall 24 -> 7
[pid 1] syscall 57 -> 0
[pid 1] syscall 57 -> 0
vfs: openat/dup/close ok
user-signal: OK
[pid 1] exit(0)
all processes exited
kernel: OK
