=== [1] oya/community/crates/oya-community-social-post-composition-api
[2026-06-10T13:35:47.877-04:00] Build ID: d30af429-e274-4eb2-9bb5-43168ea4997c
[2026-06-10T13:35:47.877-04:00] File changed: root//run-slice.sh.tmp.20742.47e2535fdc8a
[2026-06-10T13:35:47.877-04:00] Directory changed: root//run-slice.sh.tmp.20742.47e2535fdc8a
[2026-06-10T13:35:47.877-04:00] File changed: root//run-slice.sh
[2026-06-10T13:35:47.877-04:00] 3 additional file change events
[2026-06-10T13:35:47.877-04:00] Network: Up: 0B  Down: 0B
BUILD SUCCEEDED - starting your binary
=== [2] oya/community/crates/oya-community-social-post-composition-grpc
[2026-06-10T13:35:47.924-04:00] Build ID: 827c9805-2671-49d3-8901-85c00846c7b8
[2026-06-10T13:35:47.934-04:00] File changed: root//slice06-generator.log
[2026-06-10T13:35:47.934-04:00] File changed: root//slice06-progress.log
[2026-06-10T13:35:47.934-04:00] Network: Up: 0B  Down: 0B
BUILD SUCCEEDED - starting your binary
=== [3] oya/community/crates/oya-community-social-post-composition-rest
[2026-06-10T13:35:47.980-04:00] Build ID: 924b3244-8afb-4566-b9a6-c0f1343377f5
[2026-06-10T13:35:47.990-04:00] File changed: root//slice06-generator.log
[2026-06-10T13:35:47.990-04:00] File changed: root//slice06-progress.log
[2026-06-10T13:35:47.990-04:00] Network: Up: 0B  Down: 0B
BUILD SUCCEEDED - starting your binary
=== [4] oya/community/crates/oya-community-social-post-composition-usecase
[2026-06-10T13:35:48.034-04:00] Build ID: 1d98cff1-aefa-4b2a-bcec-4ecd54d56e69
[2026-06-10T13:35:48.044-04:00] File changed: root//slice06-generator.log
[2026-06-10T13:35:48.044-04:00] File changed: root//slice06-progress.log
[2026-06-10T13:35:48.044-04:00] Network: Up: 0B  Down: 0B
BUILD SUCCEEDED - starting your binary
=== [5] oya/compliance/crates/oya-dlp-domain
[2026-06-10T13:35:48.098-04:00] Build ID: b2858627-f732-412c-ab0d-fed533372c0a
[2026-06-10T13:35:48.108-04:00] File changed: root//slice06-progress.log
[2026-06-10T13:35:48.108-04:00] File changed: root//slice06-generator.log
[2026-06-10T13:35:48.108-04:00] Network: Up: 0B  Down: 0B
BUILD SUCCEEDED - starting your binary
=== [6] oya/compliance/crates/oya-dsr-domain
[2026-06-10T13:35:48.151-04:00] Build ID: 255b1946-25d7-4158-9767-bd1ccb04e519
[2026-06-10T13:35:48.161-04:00] File changed: root//slice06-generator.log
[2026-06-10T13:35:48.161-04:00] File changed: root//slice06-progress.log
[2026-06-10T13:35:48.161-04:00] Network: Up: 0B  Down: 0B
BUILD SUCCEEDED - starting your binary
=== [7] oya/compliance/crates/oya-dsr-usecase
[2026-06-10T13:35:48.202-04:00] Build ID: 54bcfda4-9ea5-44af-bf9b-bf7fbfbba785
[2026-06-10T13:35:48.212-04:00] File changed: root//slice06-progress.log
[2026-06-10T13:35:48.212-04:00] File changed: root//slice06-generator.log
[2026-06-10T13:35:48.212-04:00] File changed: root//slice06-progress.log
[2026-06-10T13:35:48.212-04:00] File changed: root//slice06-generator.log
[2026-06-10T13:35:48.212-04:00] Network: Up: 0B  Down: 0B
BUILD SUCCEEDED - starting your binary
=== [8] oya/compliance/crates/oya-ediscovery-domain
[2026-06-10T13:35:48.256-04:00] Build ID: 111a75be-25f6-4920-a47a-3e87c61252cb
[2026-06-10T13:35:48.266-04:00] File changed: root//slice06-generator.log
[2026-06-10T13:35:48.266-04:00] File changed: root//slice06-progress.log
[2026-06-10T13:35:48.266-04:00] Network: Up: 0B  Down: 0B
BUILD SUCCEEDED - starting your binary
=== [9] oya/compliance/crates/oya-retention-domain
[2026-06-10T13:35:48.309-04:00] Build ID: cdcdcad6-7f7a-4c4c-9ea2-5222ffbf225a
[2026-06-10T13:35:48.319-04:00] File changed: root//slice06-generator.log
[2026-06-10T13:35:48.319-04:00] File changed: root//slice06-progress.log
[2026-06-10T13:35:48.319-04:00] Network: Up: 0B  Down: 0B
BUILD SUCCEEDED - starting your binary
=== [10] oya/compliance/crates/oya-retention-dsr-domain
[2026-06-10T13:35:48.372-04:00] Build ID: 8ea304c8-8ffa-49a6-934f-d2c4e4c1d24d
[2026-06-10T13:35:48.372-04:00] File changed: root//slice06-generator.log
[2026-06-10T13:35:48.372-04:00] File changed: root//slice06-progress.log
[2026-06-10T13:35:48.372-04:00] Network: Up: 0B  Down: 0B
BUILD SUCCEEDED - starting your binary
=== [11] oya/compliance/crates/oya-trust-portal-domain
[2026-06-10T13:35:48.425-04:00] Build ID: 05edf0df-a459-4023-8f62-2b5c73be5623
[2026-06-10T13:35:48.425-04:00] File changed: root//slice06-generator.log
[2026-06-10T13:35:48.425-04:00] File changed: root//slice06-progress.log
[2026-06-10T13:35:48.425-04:00] Network: Up: 0B  Down: 0B
BUILD SUCCEEDED - starting your binary
oya/compliance/crates/oya-trust-portal-domain	//oya/compliance/crates/oya-trust-portal-domain:oya-trust-portal-domain-unittest
=== [12] oya/connect/crates/oya-address-book-domain
[2026-06-10T13:35:52.525-04:00] Build ID: ff29149f-ad44-42eb-925f-5539228b66f7
[2026-06-10T13:35:52.525-04:00] File changed: root//slice06-buck-test.log
[2026-06-10T13:35:52.525-04:00] File changed: root//slice06-progress.log
[2026-06-10T13:35:52.525-04:00] File changed: root//slice06-generator.log
[2026-06-10T13:35:52.525-04:00] Network: Up: 0B  Down: 0B
BUILD SUCCEEDED - starting your binary
oya/connect/crates/oya-address-book-domain	//oya/connect/crates/oya-address-book-domain:oya-address-book-domain-unittest
=== [13] oya/connector/crates/oya-connector-adp-adapter
[2026-06-10T13:35:54.796-04:00] Build ID: e3d17d6b-83cf-4fcb-9aa5-22c6e4145607
[2026-06-10T13:35:54.796-04:00] File changed: root//slice06-buck-test.log
[2026-06-10T13:35:54.796-04:00] File changed: root//slice06-progress.log
[2026-06-10T13:35:54.796-04:00] File changed: root//slice06-generator.log
[2026-06-10T13:35:54.796-04:00] Network: Up: 0B  Down: 0B
BUILD SUCCEEDED - starting your binary
oya/connector/crates/oya-connector-adp-adapter	//oya/connector/crates/oya-connector-adp-adapter:oya-connector-adp-adapter-unittest
=== [14] oya/connector/crates/oya-connector-epic-fhir-adapter
[2026-06-10T13:35:58.931-04:00] Build ID: 9e6a787b-4a7d-4f51-8110-c3a4125eef27
[2026-06-10T13:35:58.931-04:00] File changed: root//slice06-buck-test.log
[2026-06-10T13:35:58.931-04:00] File changed: root//slice06-progress.log
[2026-06-10T13:35:58.931-04:00] File changed: root//slice06-generator.log
[2026-06-10T13:35:58.931-04:00] Network: Up: 0B  Down: 0B
BUILD SUCCEEDED - starting your binary
oya/connector/crates/oya-connector-epic-fhir-adapter	//oya/connector/crates/oya-connector-epic-fhir-adapter:oya-connector-epic-fhir-adapter-unittest
=== [15] oya/connector/crates/oya-connector-gusto-adapter
[2026-06-10T13:36:00.707-04:00] Build ID: bf103f87-cc59-4428-a783-0af91575eff8
[2026-06-10T13:36:00.718-04:00] File changed: root//slice06-buck-test.log
[2026-06-10T13:36:00.718-04:00] File changed: root//slice06-progress.log
[2026-06-10T13:36:00.718-04:00] File changed: root//slice06-generator.log
[2026-06-10T13:36:00.727-04:00] Network: Up: 0B  Down: 0B
BUILD SUCCEEDED - starting your binary
oya/connector/crates/oya-connector-gusto-adapter	//oya/connector/crates/oya-connector-gusto-adapter:oya-connector-gusto-adapter-unittest
=== [16] oya/connector/crates/oya-connector-netsuite-adapter
[2026-06-10T13:36:02.075-04:00] Build ID: 8ffef0b3-f6e8-4772-b858-ba2d48587649
[2026-06-10T13:36:02.088-04:00] File changed: root//slice06-buck-test.log
[2026-06-10T13:36:02.088-04:00] File changed: root//slice06-progress.log
[2026-06-10T13:36:02.088-04:00] File changed: root//slice06-generator.log
[2026-06-10T13:36:02.099-04:00] Network: Up: 0B  Down: 0B
BUILD SUCCEEDED - starting your binary
oya/connector/crates/oya-connector-netsuite-adapter	//oya/connector/crates/oya-connector-netsuite-adapter:oya-connector-netsuite-adapter-unittest
=== [17] oya/connector/crates/oya-connector-quickbooks-adapter
[2026-06-10T13:36:03.631-04:00] Build ID: abe9a62a-4f78-409b-994c-53b9906fda56
[2026-06-10T13:36:03.641-04:00] File changed: root//slice06-buck-test.log
[2026-06-10T13:36:03.641-04:00] File changed: root//slice06-progress.log
[2026-06-10T13:36:03.641-04:00] File changed: root//slice06-generator.log
[2026-06-10T13:36:03.641-04:00] Network: Up: 0B  Down: 0B
BUILD SUCCEEDED - starting your binary
oya/connector/crates/oya-connector-quickbooks-adapter	//oya/connector/crates/oya-connector-quickbooks-adapter:oya-connector-quickbooks-adapter-unittest
=== [18] oya/connector/crates/oya-connector-rippling-adapter
[2026-06-10T13:36:06.779-04:00] Build ID: 690cb149-c438-4ca6-beb1-3010e4414f83
[2026-06-10T13:36:06.779-04:00] File changed: root//slice06-buck-test.log
[2026-06-10T13:36:06.779-04:00] File changed: root//slice06-progress.log
[2026-06-10T13:36:06.779-04:00] File changed: root//slice06-generator.log
[2026-06-10T13:36:06.779-04:00] Network: Up: 0B  Down: 0B
BUILD SUCCEEDED - starting your binary
oya/connector/crates/oya-connector-rippling-adapter	//oya/connector/crates/oya-connector-rippling-adapter:oya-connector-rippling-adapter-unittest
=== [19] oya/connector/crates/oya-connector-salesforce-adapter
[2026-06-10T13:36:08.717-04:00] Build ID: b4e5d1d1-84ad-4146-8ec8-f85b0bc5b8e5
[2026-06-10T13:36:08.729-04:00] File changed: root//slice06-buck-test.log
[2026-06-10T13:36:08.729-04:00] File changed: root//slice06-progress.log
[2026-06-10T13:36:08.729-04:00] File changed: root//slice06-generator.log
[2026-06-10T13:36:08.729-04:00] Network: Up: 0B  Down: 0B
BUILD SUCCEEDED - starting your binary
oya/connector/crates/oya-connector-salesforce-adapter	//oya/connector/crates/oya-connector-salesforce-adapter:oya-connector-salesforce-adapter-unittest
=== [20] oya/connector/crates/oya-connector-slack-adapter
[2026-06-10T13:36:12.002-04:00] Build ID: 4c0c38ba-178f-44f3-8fd9-7b17a3b2b2a7
[2026-06-10T13:36:12.012-04:00] File changed: root//slice06-buck-test.log
[2026-06-10T13:36:12.012-04:00] File changed: root//slice06-progress.log
[2026-06-10T13:36:12.012-04:00] File changed: root//slice06-generator.log
[2026-06-10T13:36:12.012-04:00] Network: Up: 0B  Down: 0B
BUILD SUCCEEDED - starting your binary
oya/connector/crates/oya-connector-slack-adapter	//oya/connector/crates/oya-connector-slack-adapter:oya-connector-slack-adapter-unittest
=== [21] oya/connector/crates/oya-connector-teams-adapter
[2026-06-10T13:36:15.600-04:00] Build ID: 69c84b16-8b36-404c-ac4c-1823ee072d98
[2026-06-10T13:36:15.610-04:00] File changed: root//slice06-buck-test.log
[2026-06-10T13:36:15.610-04:00] File changed: root//slice06-progress.log
[2026-06-10T13:36:15.610-04:00] File changed: root//slice06-generator.log
[2026-06-10T13:36:15.610-04:00] Network: Up: 0B  Down: 0B
BUILD SUCCEEDED - starting your binary
oya/connector/crates/oya-connector-teams-adapter	//oya/connector/crates/oya-connector-teams-adapter:oya-connector-teams-adapter-unittest
=== [22] oya/connector/crates/oya-connector-workday-adapter
[2026-06-10T13:36:18.619-04:00] Build ID: 50e6046d-e40e-453a-a984-9803e82cf3a0
[2026-06-10T13:36:18.619-04:00] File changed: root//slice06-buck-test.log
[2026-06-10T13:36:18.619-04:00] File changed: root//slice06-progress.log
[2026-06-10T13:36:18.619-04:00] File changed: root//slice06-generator.log
[2026-06-10T13:36:18.619-04:00] Network: Up: 0B  Down: 0B
BUILD SUCCEEDED - starting your binary
oya/connector/crates/oya-connector-workday-adapter	//oya/connector/crates/oya-connector-workday-adapter:oya-connector-workday-adapter-unittest
=== [23] oya/contact-center/crates/oya-contact-center-voice-routing-app
[2026-06-10T13:36:20.988-04:00] Build ID: afd5fe29-bdef-4fb7-854e-0d666039a5a9
[2026-06-10T13:36:20.999-04:00] File changed: root//slice06-buck-test.log
[2026-06-10T13:36:20.999-04:00] File changed: root//slice06-progress.log
[2026-06-10T13:36:20.999-04:00] File changed: root//slice06-generator.log
[2026-06-10T13:36:20.999-04:00] Network: Up: 0B  Down: 0B
BUILD SUCCEEDED - starting your binary
oya/contact-center/crates/oya-contact-center-voice-routing-app	//oya/contact-center/crates/oya-contact-center-voice-routing-app:oya-contact-center-voice-routing-app-integration
=== [24] oya/contract-lifecycle-management/crates/oya-contract-lifecycle-management-contract-obligation-app
[2026-06-10T13:36:57.401-04:00] Build ID: 10ec5533-73b9-4c71-af73-e9a7fbde824b
[2026-06-10T13:36:57.401-04:00] File changed: root//slice06-buck-test.log
[2026-06-10T13:36:57.401-04:00] File changed: root//slice06-progress.log
[2026-06-10T13:36:57.401-04:00] File changed: root//slice06-generator.log
[2026-06-10T13:36:57.401-04:00] Network: Up: 0B  Down: 0B
BUILD SUCCEEDED - starting your binary
oya/contract-lifecycle-management/crates/oya-contract-lifecycle-management-contract-obligation-app	//oya/contract-lifecycle-management/crates/oya-contract-lifecycle-management-contract-obligation-app:oya-contract-lifecycle-management-contract-obligation-app-integration
=== [25] oya/crm/crates/oya-crm-customer-engagement-domain
[2026-06-10T13:37:06.662-04:00] Build ID: 935a12a0-7627-495b-acbd-d62feac5b56a
[2026-06-10T13:37:06.662-04:00] File changed: root//slice06-buck-test.log
[2026-06-10T13:37:06.662-04:00] File changed: root//slice06-progress.log
[2026-06-10T13:37:06.662-04:00] File changed: root//slice06-generator.log
[2026-06-10T13:37:06.662-04:00] Network: Up: 0B  Down: 0B
BUILD SUCCEEDED - starting your binary
oya/crm/crates/oya-crm-customer-engagement-domain	//oya/crm/crates/oya-crm-customer-engagement-domain:oya-crm-customer-engagement-domain-customer-engagement
=== [26] oya/crm/crates/oya-crm-revenue-app
[2026-06-10T13:37:10.284-04:00] Build ID: 7df65192-0125-422a-a5f7-38e4e4304311
[2026-06-10T13:37:10.295-04:00] File changed: root//slice06-buck-test.log
[2026-06-10T13:37:10.295-04:00] File changed: root//slice06-progress.log
[2026-06-10T13:37:10.295-04:00] File changed: root//slice06-generator.log
[2026-06-10T13:37:10.295-04:00] Network: Up: 0B  Down: 0B
BUILD SUCCEEDED - starting your binary
oya/crm/crates/oya-crm-revenue-app	//oya/crm/crates/oya-crm-revenue-app:oya-crm-revenue-app-integration
=== [27] oya/crm/crates/oya-procurement-source-to-pay-domain
[2026-06-10T13:37:23.550-04:00] Build ID: 8f63e7ba-04de-4669-866c-2b25fed261d7
[2026-06-10T13:37:23.550-04:00] File changed: root//slice06-buck-test.log
[2026-06-10T13:37:23.550-04:00] File changed: root//slice06-progress.log
[2026-06-10T13:37:23.550-04:00] Network: Up: 0B  Down: 0B
BUILD SUCCEEDED - starting your binary
oya/crm/crates/oya-procurement-source-to-pay-domain	//oya/crm/crates/oya-procurement-source-to-pay-domain:oya-procurement-source-to-pay-domain-source-to-pay
=== [28] oya/data-pipeline/crates/oya-data-pipeline-lineage-replay-service
[2026-06-10T13:37:29.860-04:00] Build ID: 7e8ee955-5c98-4be7-8fe6-060befc007b5
[2026-06-10T13:37:29.860-04:00] File changed: root//slice06-buck-test.log
[2026-06-10T13:37:29.860-04:00] File changed: root//slice06-progress.log
[2026-06-10T13:37:29.860-04:00] File changed: root//slice06-generator.log
[2026-06-10T13:37:29.860-04:00] Network: Up: 0B  Down: 0B
BUILD SUCCEEDED - starting your binary
oya/data-pipeline/crates/oya-data-pipeline-lineage-replay-service	//oya/data-pipeline/crates/oya-data-pipeline-lineage-replay-service:oya-data-pipeline-lineage-replay-service-integration
=== [29] oya/data-warehouse/crates/oya-data-warehouse-tenant-olap-service
[2026-06-10T13:38:23.211-04:00] Build ID: 1a828ce8-f087-4255-a0dd-e62412719976
[2026-06-10T13:38:23.222-04:00] File changed: root//slice06-buck-test.log
[2026-06-10T13:38:23.222-04:00] File changed: root//slice06-progress.log
[2026-06-10T13:38:23.222-04:00] File changed: root//slice06-generator.log
[2026-06-10T13:38:23.252-04:00] Network: Up: 0B  Down: 0B
BUILD SUCCEEDED - starting your binary
oya/data-warehouse/crates/oya-data-warehouse-tenant-olap-service	//oya/data-warehouse/crates/oya-data-warehouse-tenant-olap-service:oya-data-warehouse-tenant-olap-service-unittest //oya/data-warehouse/crates/oya-data-warehouse-tenant-olap-service:oya-data-warehouse-tenant-olap-service-integration
=== [30] oya/design-collaboration/crates/oya-design-collaboration-creative-artifact-service
[2026-06-10T13:38:23.362-04:00] Build ID: c7e5bbfa-fee5-44d6-bbd0-902eff06467a
[2026-06-10T13:38:23.362-04:00] Network: Up: 0B  Down: 0B
BUILD SUCCEEDED - starting your binary
oya/design-collaboration/crates/oya-design-collaboration-creative-artifact-service	//oya/design-collaboration/crates/oya-design-collaboration-creative-artifact-service:oya-design-collaboration-creative-artifact-service-integration
=== [31] oya/developer-sdk/crates/oya-dev-cli
[2026-06-10T13:38:34.370-04:00] Build ID: 2c631aac-3803-4879-8c1a-03f00cc1a8a5
[2026-06-10T13:38:34.374-04:00] Network: Up: 0B  Down: 0B
BUILD SUCCEEDED - starting your binary
oya/developer-sdk/crates/oya-dev-cli	//oya/developer-sdk/crates/oya-dev-cli:oya-dev-cli-unittest //oya/developer-sdk/crates/oya-dev-cli:oya-dev-cli-audit-chain-replay-cli //oya/developer-sdk/crates/oya-dev-cli:oya-dev-cli-catalog-cli //oya/developer-sdk/crates/oya-dev-cli:oya-dev-cli-cross-tenant-access-cli //oya/developer-sdk/crates/oya-dev-cli:oya-dev-cli-demo-cli //oya/developer-sdk/crates/oya-dev-cli:oya-dev-cli-deployment-ops-contract //oya/developer-sdk/crates/oya-dev-cli:oya-dev-cli-doc-cli //oya/developer-sdk/crates/oya-dev-cli:oya-dev-cli-fd001-data-class-taxonomy //oya/developer-sdk/crates/oya-dev-cli:oya-dev-cli-fd001-manifest-workspace-alignment-cli //oya/developer-sdk/crates/oya-dev-cli:oya-dev-cli-foundry-capability-schema-cli //oya/developer-sdk/crates/oya-dev-cli:oya-dev-cli-foundry-eval-cli //oya/developer-sdk/crates/oya-dev-cli:oya-dev-cli-gate-cli //oya/developer-sdk/crates/oya-dev-cli:oya-dev-cli-knowledge-graph-semantic //oya/developer-sdk/crates/oya-dev-cli:oya-dev-cli-lint-cli //oya/developer-sdk/crates/oya-dev-cli:oya-dev-cli-loop-recovery-patterns //oya/developer-sdk/crates/oya-dev-cli:oya-dev-cli-milestone-audit //oya/developer-sdk/crates/oya-dev-cli:oya-dev-cli-oya-verify-ci-mirror //oya/developer-sdk/crates/oya-dev-cli:oya-dev-cli-plan-cli //oya/developer-sdk/crates/oya-dev-cli:oya-dev-cli-pr-traceability-cli //oya/developer-sdk/crates/oya-dev-cli:oya-dev-cli-product-prd-json //oya/developer-sdk/crates/oya-dev-cli:oya-dev-cli-runbook-freshness-cli //oya/developer-sdk/crates/oya-dev-cli:oya-dev-cli-supply-chain-adr0039
=== [32] oya/docs/crates/oya-docs-domain
[2026-06-10T13:38:34.495-04:00] Build ID: 3383d3f4-a1d5-4556-ac45-569ad27277a6
[2026-06-10T13:38:34.507-04:00] File changed: root//slice06-buck-test.log
[2026-06-10T13:38:34.507-04:00] File changed: root//slice06-progress.log
[2026-06-10T13:38:34.507-04:00] File changed: root//slice06-generator.log
[2026-06-10T13:38:34.545-04:00] Network: Up: 0B  Down: 0B
BUILD SUCCEEDED - starting your binary
oya/docs/crates/oya-docs-domain	//oya/docs/crates/oya-docs-domain:oya-docs-domain-unittest
=== [33] oya/drive/crates/oya-drive-domain
[2026-06-10T13:38:37.198-04:00] Build ID: b0328fd2-3505-4ef3-913e-fbd4f923d09e
[2026-06-10T13:38:37.208-04:00] File changed: root//slice06-buck-test.log
[2026-06-10T13:38:37.208-04:00] File changed: root//slice06-progress.log
[2026-06-10T13:38:37.208-04:00] File changed: root//slice06-generator.log
[2026-06-10T13:38:37.323-04:00] File changed: root//slice06-backfill-test.log
[2026-06-10T13:38:37.371-04:00] Network: Up: 0B  Down: 0B
BUILD SUCCEEDED - starting your binary
oya/drive/crates/oya-drive-domain	//oya/drive/crates/oya-drive-domain:oya-drive-domain-unittest
=== [34] oya/eventing/crates/oya-eventing-domain
[2026-06-10T13:38:39.313-04:00] Build ID: 4d07470e-6a47-4c63-81a7-2a19a34db97b
[2026-06-10T13:38:39.320-04:00] File changed: root//slice06-backfill-test.log
[2026-06-10T13:38:39.320-04:00] File changed: root//slice06-backfill-results.log
[2026-06-10T13:38:39.320-04:00] File changed: root//slice06-buck-test.log
[2026-06-10T13:38:39.320-04:00] 2 additional file change events
[2026-06-10T13:38:39.427-04:00] Network: Up: 0B  Down: 0B
BUILD SUCCEEDED - starting your binary
oya/eventing/crates/oya-eventing-domain	//oya/eventing/crates/oya-eventing-domain:oya-eventing-domain-unittest
=== [35] oya/eventing/crates/oya-eventing-file-adapter
[2026-06-10T13:38:41.136-04:00] Build ID: 05b78bdd-572b-43c0-916d-aee8f09f1be1
[2026-06-10T13:38:41.147-04:00] File changed: root//slice06-buck-test.log
[2026-06-10T13:38:41.147-04:00] File changed: root//slice06-progress.log
[2026-06-10T13:38:41.147-04:00] File changed: root//slice06-generator.log
[2026-06-10T13:38:41.148-04:00] Network: Up: 0B  Down: 0B
BUILD SUCCEEDED - starting your binary
oya/eventing/crates/oya-eventing-file-adapter	//oya/eventing/crates/oya-eventing-file-adapter:oya-eventing-file-adapter-file-outbox
=== [36] oya/financial-planning/crates/oya-financial-planning-forecast-scenario-app
[2026-06-10T13:38:43.042-04:00] Build ID: 571c45b8-2469-49b6-9c62-336e2f95c0c6
[2026-06-10T13:38:43.043-04:00] File changed: root//slice06-buck-test.log
[2026-06-10T13:38:43.043-04:00] File changed: root//slice06-progress.log
[2026-06-10T13:38:43.043-04:00] File changed: root//slice06-generator.log
[2026-06-10T13:38:43.045-04:00] Network: Up: 0B  Down: 0B
BUILD SUCCEEDED - starting your binary
oya/financial-planning/crates/oya-financial-planning-forecast-scenario-app	//oya/financial-planning/crates/oya-financial-planning-forecast-scenario-app:oya-financial-planning-forecast-scenario-app-integration
=== [37] oya/forms/crates/oya-forms-domain
[2026-06-10T13:38:44.982-04:00] Build ID: 8dfd335f-9c46-4e49-9319-85be528a3f78
[2026-06-10T13:38:44.992-04:00] File changed: root//slice06-buck-test.log
[2026-06-10T13:38:44.992-04:00] File changed: root//slice06-progress.log
[2026-06-10T13:38:44.992-04:00] File changed: root//slice06-generator.log
[2026-06-10T13:38:44.992-04:00] Network: Up: 0B  Down: 0B
BUILD SUCCEEDED - starting your binary
oya/forms/crates/oya-forms-domain	//oya/forms/crates/oya-forms-domain:oya-forms-domain-unittest
=== [38] oya/global-trade/crates/oya-global-trade-compliance-domain
[2026-06-10T13:38:45.935-04:00] Build ID: 02926c77-6526-48cb-ae07-ca718c34d812
[2026-06-10T13:38:45.935-04:00] File changed: root//slice06-buck-test.log
[2026-06-10T13:38:45.935-04:00] File changed: root//slice06-progress.log
[2026-06-10T13:38:45.935-04:00] File changed: root//slice06-generator.log
[2026-06-10T13:38:45.935-04:00] Network: Up: 0B  Down: 0B
BUILD SUCCEEDED - starting your binary
oya/global-trade/crates/oya-global-trade-compliance-domain	//oya/global-trade/crates/oya-global-trade-compliance-domain:oya-global-trade-compliance-domain-global-trade-compliance
=== [39] oya/hr/crates/oya-hr-employment-api
[2026-06-10T13:38:47.510-04:00] Build ID: 5ac2ba71-5c1a-4993-87d8-988ad7fa68f7
[2026-06-10T13:38:47.510-04:00] File changed: root//slice06-buck-test.log
[2026-06-10T13:38:47.510-04:00] File changed: root//slice06-progress.log
[2026-06-10T13:38:47.510-04:00] File changed: root//slice06-generator.log
[2026-06-10T13:38:47.510-04:00] Network: Up: 0B  Down: 0B
BUILD SUCCEEDED - starting your binary
oya/hr/crates/oya-hr-employment-api	//oya/hr/crates/oya-hr-employment-api:oya-hr-employment-api-contracts
=== [40] oya/hr/crates/oya-hr-employment-app
[2026-06-10T13:38:50.364-04:00] Build ID: a955c20f-601d-46eb-8786-0a4a9402f8e3
[2026-06-10T13:38:50.369-04:00] File changed: root//slice06-buck-test.log
[2026-06-10T13:38:50.369-04:00] File changed: root//slice06-progress.log
[2026-06-10T13:38:50.369-04:00] File changed: root//slice06-generator.log
[2026-06-10T13:38:50.369-04:00] Network: Up: 0B  Down: 0B
BUILD SUCCEEDED - starting your binary
oya/hr/crates/oya-hr-employment-app	//oya/hr/crates/oya-hr-employment-app:oya-hr-employment-app-app-envelopes //oya/hr/crates/oya-hr-employment-app:oya-hr-employment-app-leave //oya/hr/crates/oya-hr-employment-app:oya-hr-employment-app-privacy
=== [41] oya/hr/crates/oya-hr-employment-domain
[2026-06-10T13:38:50.431-04:00] Build ID: 17d9da4c-9e00-411d-b821-384ee5390504
[2026-06-10T13:38:50.432-04:00] File changed: root//slice06-buck-test.log
[2026-06-10T13:38:50.432-04:00] File changed: root//slice06-progress.log
[2026-06-10T13:38:50.432-04:00] File changed: root//slice06-generator.log
[2026-06-10T13:38:50.433-04:00] Network: Up: 0B  Down: 0B
BUILD SUCCEEDED - starting your binary
oya/hr/crates/oya-hr-employment-domain	//oya/hr/crates/oya-hr-employment-domain:oya-hr-employment-domain-employment //oya/hr/crates/oya-hr-employment-domain:oya-hr-employment-domain-kr-council //oya/hr/crates/oya-hr-employment-domain:oya-hr-employment-domain-kr-rules //oya/hr/crates/oya-hr-employment-domain:oya-hr-employment-domain-leave //oya/hr/crates/oya-hr-employment-domain:oya-hr-employment-domain-leave-balance //oya/hr/crates/oya-hr-employment-domain:oya-hr-employment-domain-leave-carryover-forfeiture //oya/hr/crates/oya-hr-employment-domain:oya-hr-employment-domain-onboarding //oya/hr/crates/oya-hr-employment-domain:oya-hr-employment-domain-privacy //oya/hr/crates/oya-hr-employment-domain:oya-hr-employment-domain-rulepack-manifest
=== [42] oya/hr/crates/oya-hr-employment-infrastructure
[2026-06-10T13:38:50.494-04:00] Build ID: face6f88-afe1-4487-89ac-da4aa68e7269
[2026-06-10T13:38:50.495-04:00] File changed: root//slice06-buck-test.log
[2026-06-10T13:38:50.495-04:00] File changed: root//slice06-progress.log
[2026-06-10T13:38:50.495-04:00] File changed: root//slice06-generator.log
[2026-06-10T13:38:50.496-04:00] Network: Up: 0B  Down: 0B
BUILD SUCCEEDED - starting your binary
oya/hr/crates/oya-hr-employment-infrastructure	//oya/hr/crates/oya-hr-employment-infrastructure:oya-hr-employment-infrastructure-runtime
=== [43] oya/hr/crates/oya-hr-employment-storage-adapter-inmemory
[2026-06-10T13:39:03.731-04:00] Build ID: be0915cc-2c55-4030-8d92-35495b4ecf50
[2026-06-10T13:39:03.731-04:00] File changed: root//slice06-buck-test.log
[2026-06-10T13:39:03.731-04:00] File changed: root//slice06-progress.log
[2026-06-10T13:39:03.731-04:00] File changed: root//slice06-generator.log
[2026-06-10T13:39:03.731-04:00] Network: Up: 0B  Down: 0B
BUILD SUCCEEDED - starting your binary
oya/hr/crates/oya-hr-employment-storage-adapter-inmemory	//oya/hr/crates/oya-hr-employment-storage-adapter-inmemory:oya-hr-employment-storage-adapter-inmemory-storage
=== [44] oya/identity/crates/oya-identity-api
[2026-06-10T13:39:04.809-04:00] Build ID: 56d5af86-7a59-4991-912c-782d1580f7b0
[2026-06-10T13:39:04.809-04:00] File changed: root//slice06-buck-test.log
[2026-06-10T13:39:04.809-04:00] File changed: root//slice06-progress.log
[2026-06-10T13:39:04.809-04:00] File changed: root//slice06-generator.log
[2026-06-10T13:39:04.809-04:00] Network: Up: 0B  Down: 0B
BUILD SUCCEEDED - starting your binary
oya/identity/crates/oya-identity-api	//oya/identity/crates/oya-identity-api:oya-identity-api-identity-user-upsert-api
=== [45] oya/identity/crates/oya-identity-domain
[2026-06-10T13:39:06.651-04:00] Build ID: 09ce2de2-6b81-4aa0-8047-6e883d6fec1f
[2026-06-10T13:39:06.652-04:00] File changed: root//slice06-buck-test.log
[2026-06-10T13:39:06.652-04:00] File changed: root//slice06-progress.log
[2026-06-10T13:39:06.652-04:00] File changed: root//slice06-generator.log
[2026-06-10T13:39:06.653-04:00] Network: Up: 0B  Down: 0B
BUILD SUCCEEDED - starting your binary
oya/identity/crates/oya-identity-domain	//oya/identity/crates/oya-identity-domain:oya-identity-domain-unittest //oya/identity/crates/oya-identity-domain:oya-identity-domain-credential-revocation //oya/identity/crates/oya-identity-domain:oya-identity-domain-sts-credentials
=== [46] oya/identity/crates/oya-identity-oidc-issuer-kernel
[2026-06-10T13:39:06.711-04:00] Build ID: 7997fb9f-494f-44b1-8315-a959320b08a8
[2026-06-10T13:39:06.712-04:00] File changed: root//slice06-buck-test.log
[2026-06-10T13:39:06.712-04:00] File changed: root//slice06-progress.log
[2026-06-10T13:39:06.712-04:00] File changed: root//slice06-generator.log
[2026-06-10T13:39:06.713-04:00] Network: Up: 0B  Down: 0B
BUILD SUCCEEDED - starting your binary
oya/identity/crates/oya-identity-oidc-issuer-kernel	//oya/identity/crates/oya-identity-oidc-issuer-kernel:oya-identity-oidc-issuer-kernel-unittest //oya/identity/crates/oya-identity-oidc-issuer-kernel:oya-identity-oidc-issuer-kernel-oidc-issuer-kernel
=== [47] oya/identity/crates/oya-identity-usecase
[2026-06-10T13:39:06.771-04:00] Build ID: d9365bab-c7a1-4fbc-be11-99a11a9448b0
[2026-06-10T13:39:06.773-04:00] File changed: root//slice06-buck-test.log
[2026-06-10T13:39:06.773-04:00] File changed: root//slice06-progress.log
[2026-06-10T13:39:06.773-04:00] File changed: root//slice06-generator.log
[2026-06-10T13:39:06.773-04:00] Network: Up: 0B  Down: 0B
BUILD SUCCEEDED - starting your binary
oya/identity/crates/oya-identity-usecase	//oya/identity/crates/oya-identity-usecase:oya-identity-usecase-unittest //oya/identity/crates/oya-identity-usecase:oya-identity-usecase-identity-token-issue //oya/identity/crates/oya-identity-usecase:oya-identity-usecase-observability
=== [48] oya/identity/crates/oya-identity-workload-api
[2026-06-10T13:39:06.837-04:00] Build ID: fb6dfc1d-d83b-4be7-8b0a-8157624b2274
[2026-06-10T13:39:06.837-04:00] File changed: root//slice06-buck-test.log
[2026-06-10T13:39:06.837-04:00] File changed: root//slice06-progress.log
[2026-06-10T13:39:06.837-04:00] File changed: root//slice06-generator.log
[2026-06-10T13:39:06.838-04:00] Network: Up: 0B  Down: 0B
BUILD SUCCEEDED - starting your binary
oya/identity/crates/oya-identity-workload-api	//oya/identity/crates/oya-identity-workload-api:oya-identity-workload-api-unittest //oya/identity/crates/oya-identity-workload-api:oya-identity-workload-api-contracts
=== [49] oya/identity/crates/oya-identity-workload-app
[2026-06-10T13:39:06.896-04:00] Build ID: bc0a59c3-ecb5-43c3-9309-d4386ed9c666
[2026-06-10T13:39:06.897-04:00] File changed: root//slice06-buck-test.log
[2026-06-10T13:39:06.897-04:00] File changed: root//slice06-buck-test.log
[2026-06-10T13:39:06.897-04:00] File changed: root//slice06-progress.log
[2026-06-10T13:39:06.897-04:00] File changed: root//slice06-generator.log
[2026-06-10T13:39:06.898-04:00] Network: Up: 0B  Down: 0B
BUILD SUCCEEDED - starting your binary
oya/identity/crates/oya-identity-workload-app	//oya/identity/crates/oya-identity-workload-app:oya-identity-workload-app-unittest //oya/identity/crates/oya-identity-workload-app:oya-identity-workload-app-acceptance
=== [50] oya/identity/crates/oya-identity-workload-authz-cedar-adapter
[2026-06-10T13:39:06.955-04:00] Build ID: a1fb9245-f8ff-4556-bc98-fe3b1d16b72b
[2026-06-10T13:39:06.956-04:00] File changed: root//slice06-buck-test.log
[2026-06-10T13:39:06.957-04:00] Network: Up: 0B  Down: 0B
BUILD SUCCEEDED - starting your binary
oya/identity/crates/oya-identity-workload-authz-cedar-adapter	//oya/identity/crates/oya-identity-workload-authz-cedar-adapter:oya-identity-workload-authz-cedar-adapter-unittest //oya/identity/crates/oya-identity-workload-authz-cedar-adapter:oya-identity-workload-authz-cedar-adapter-authz-allow-deny
=== [51] oya/identity/crates/oya-identity-workload-domain
[2026-06-10T13:39:07.014-04:00] Build ID: f93ce23c-5c12-47e9-a06a-d3632b274ff3
[2026-06-10T13:39:07.016-04:00] File changed: root//slice06-buck-test.log
[2026-06-10T13:39:07.016-04:00] File changed: root//slice06-progress.log
[2026-06-10T13:39:07.016-04:00] File changed: root//slice06-generator.log
[2026-06-10T13:39:07.018-04:00] Network: Up: 0B  Down: 0B
BUILD SUCCEEDED - starting your binary
oya/identity/crates/oya-identity-workload-domain	//oya/identity/crates/oya-identity-workload-domain:oya-identity-workload-domain-unittest //oya/identity/crates/oya-identity-workload-domain:oya-identity-workload-domain-workload-principal-lifecycle
