=== [1] oya/community/crates/oya-community-social-post-composition-api
NOCHANGE oya/community/crates/oya-community-social-post-composition-api (no stanza added; inspect generator log)
=== [2] oya/community/crates/oya-community-social-post-composition-grpc
NOCHANGE oya/community/crates/oya-community-social-post-composition-grpc (no stanza added; inspect generator log)
=== [3] oya/community/crates/oya-community-social-post-composition-rest
NOCHANGE oya/community/crates/oya-community-social-post-composition-rest (no stanza added; inspect generator log)
=== [4] oya/community/crates/oya-community-social-post-composition-usecase
NOCHANGE oya/community/crates/oya-community-social-post-composition-usecase (no stanza added; inspect generator log)
=== [5] oya/compliance/crates/oya-dlp-domain
NOCHANGE oya/compliance/crates/oya-dlp-domain (no stanza added; inspect generator log)
=== [6] oya/compliance/crates/oya-dsr-domain
NOCHANGE oya/compliance/crates/oya-dsr-domain (no stanza added; inspect generator log)
=== [7] oya/compliance/crates/oya-dsr-usecase
NOCHANGE oya/compliance/crates/oya-dsr-usecase (no stanza added; inspect generator log)
=== [8] oya/compliance/crates/oya-ediscovery-domain
NOCHANGE oya/compliance/crates/oya-ediscovery-domain (no stanza added; inspect generator log)
=== [9] oya/compliance/crates/oya-retention-domain
NOCHANGE oya/compliance/crates/oya-retention-domain (no stanza added; inspect generator log)
=== [10] oya/compliance/crates/oya-retention-dsr-domain
NOCHANGE oya/compliance/crates/oya-retention-dsr-domain (no stanza added; inspect generator log)
=== [11] oya/compliance/crates/oya-trust-portal-domain
PASS //oya/compliance/crates/oya-trust-portal-domain:oya-trust-portal-domain-unittest
=== [12] oya/connect/crates/oya-address-book-domain
PASS //oya/connect/crates/oya-address-book-domain:oya-address-book-domain-unittest
=== [13] oya/connector/crates/oya-connector-adp-adapter
PASS //oya/connector/crates/oya-connector-adp-adapter:oya-connector-adp-adapter-unittest
=== [14] oya/connector/crates/oya-connector-epic-fhir-adapter
PASS //oya/connector/crates/oya-connector-epic-fhir-adapter:oya-connector-epic-fhir-adapter-unittest
=== [15] oya/connector/crates/oya-connector-gusto-adapter
PASS //oya/connector/crates/oya-connector-gusto-adapter:oya-connector-gusto-adapter-unittest
=== [16] oya/connector/crates/oya-connector-netsuite-adapter
PASS //oya/connector/crates/oya-connector-netsuite-adapter:oya-connector-netsuite-adapter-unittest
=== [17] oya/connector/crates/oya-connector-quickbooks-adapter
PASS //oya/connector/crates/oya-connector-quickbooks-adapter:oya-connector-quickbooks-adapter-unittest
=== [18] oya/connector/crates/oya-connector-rippling-adapter
PASS //oya/connector/crates/oya-connector-rippling-adapter:oya-connector-rippling-adapter-unittest
=== [19] oya/connector/crates/oya-connector-salesforce-adapter
PASS //oya/connector/crates/oya-connector-salesforce-adapter:oya-connector-salesforce-adapter-unittest
=== [20] oya/connector/crates/oya-connector-slack-adapter
PASS //oya/connector/crates/oya-connector-slack-adapter:oya-connector-slack-adapter-unittest
COMMIT at member 20
=== [21] oya/connector/crates/oya-connector-teams-adapter
PASS //oya/connector/crates/oya-connector-teams-adapter:oya-connector-teams-adapter-unittest
=== [22] oya/connector/crates/oya-connector-workday-adapter
PASS //oya/connector/crates/oya-connector-workday-adapter:oya-connector-workday-adapter-unittest
=== [23] oya/contact-center/crates/oya-contact-center-voice-routing-app
PASS //oya/contact-center/crates/oya-contact-center-voice-routing-app:oya-contact-center-voice-routing-app-integration
=== [24] oya/contract-lifecycle-management/crates/oya-contract-lifecycle-management-contract-obligation-app
PASS //oya/contract-lifecycle-management/crates/oya-contract-lifecycle-management-contract-obligation-app:oya-contract-lifecycle-management-contract-obligation-app-integration
=== [25] oya/crm/crates/oya-crm-customer-engagement-domain
PASS //oya/crm/crates/oya-crm-customer-engagement-domain:oya-crm-customer-engagement-domain-customer-engagement
=== [26] oya/crm/crates/oya-crm-revenue-app
PASS //oya/crm/crates/oya-crm-revenue-app:oya-crm-revenue-app-integration
=== [27] oya/crm/crates/oya-procurement-source-to-pay-domain
PASS //oya/crm/crates/oya-procurement-source-to-pay-domain:oya-procurement-source-to-pay-domain-source-to-pay
=== [28] oya/data-pipeline/crates/oya-data-pipeline-lineage-replay-service
PASS //oya/data-pipeline/crates/oya-data-pipeline-lineage-replay-service:oya-data-pipeline-lineage-replay-service-integration
=== [29] oya/data-warehouse/crates/oya-data-warehouse-tenant-olap-service
FAIL //oya/data-warehouse/crates/oya-data-warehouse-tenant-olap-service:oya-data-warehouse-tenant-olap-service-unittest
oya-data-warehouse-tenant-olap-service-integration
=== [30] oya/design-collaboration/crates/oya-design-collaboration-creative-artifact-service
PASS //oya/design-collaboration/crates/oya-design-collaboration-creative-artifact-service:oya-design-collaboration-creative-artifact-service-integration
COMMIT at member 30
=== [31] oya/developer-sdk/crates/oya-dev-cli
FAIL //oya/developer-sdk/crates/oya-dev-cli:oya-dev-cli-unittest
oya-dev-cli-audit-chain-replay-cli
oya-dev-cli-catalog-cli
oya-dev-cli-cross-tenant-access-cli
oya-dev-cli-demo-cli
oya-dev-cli-deployment-ops-contract
oya-dev-cli-doc-cli
oya-dev-cli-fd001-data-class-taxonomy
oya-dev-cli-fd001-manifest-workspace-alignment-cli
oya-dev-cli-foundry-capability-schema-cli
oya-dev-cli-foundry-eval-cli
oya-dev-cli-gate-cli
oya-dev-cli-knowledge-graph-semantic
oya-dev-cli-lint-cli
oya-dev-cli-loop-recovery-patterns
oya-dev-cli-milestone-audit
oya-dev-cli-oya-verify-ci-mirror
oya-dev-cli-plan-cli
oya-dev-cli-pr-traceability-cli
oya-dev-cli-product-prd-json
oya-dev-cli-runbook-freshness-cli
oya-dev-cli-supply-chain-adr0039
=== [32] oya/docs/crates/oya-docs-domain
PASS //oya/docs/crates/oya-docs-domain:oya-docs-domain-unittest
=== [33] oya/drive/crates/oya-drive-domain
PASS //oya/drive/crates/oya-drive-domain:oya-drive-domain-unittest
=== [34] oya/eventing/crates/oya-eventing-domain
PASS //oya/eventing/crates/oya-eventing-domain:oya-eventing-domain-unittest
=== [35] oya/eventing/crates/oya-eventing-file-adapter
PASS //oya/eventing/crates/oya-eventing-file-adapter:oya-eventing-file-adapter-file-outbox
=== [36] oya/financial-planning/crates/oya-financial-planning-forecast-scenario-app
PASS //oya/financial-planning/crates/oya-financial-planning-forecast-scenario-app:oya-financial-planning-forecast-scenario-app-integration
=== [37] oya/forms/crates/oya-forms-domain
PASS //oya/forms/crates/oya-forms-domain:oya-forms-domain-unittest
=== [38] oya/global-trade/crates/oya-global-trade-compliance-domain
PASS //oya/global-trade/crates/oya-global-trade-compliance-domain:oya-global-trade-compliance-domain-global-trade-compliance
=== [39] oya/hr/crates/oya-hr-employment-api
PASS //oya/hr/crates/oya-hr-employment-api:oya-hr-employment-api-contracts
=== [40] oya/hr/crates/oya-hr-employment-app
FAIL //oya/hr/crates/oya-hr-employment-app:oya-hr-employment-app-app-envelopes
oya-hr-employment-app-leave
oya-hr-employment-app-privacy
=== [41] oya/hr/crates/oya-hr-employment-domain
FAIL //oya/hr/crates/oya-hr-employment-domain:oya-hr-employment-domain-employment
oya-hr-employment-domain-kr-council
oya-hr-employment-domain-kr-rules
oya-hr-employment-domain-leave
oya-hr-employment-domain-leave-balance
oya-hr-employment-domain-leave-carryover-forfeiture
oya-hr-employment-domain-onboarding
oya-hr-employment-domain-privacy
oya-hr-employment-domain-rulepack-manifest
=== [42] oya/hr/crates/oya-hr-employment-infrastructure
PASS //oya/hr/crates/oya-hr-employment-infrastructure:oya-hr-employment-infrastructure-runtime
=== [43] oya/hr/crates/oya-hr-employment-storage-adapter-inmemory
PASS //oya/hr/crates/oya-hr-employment-storage-adapter-inmemory:oya-hr-employment-storage-adapter-inmemory-storage
=== [44] oya/identity/crates/oya-identity-api
PASS //oya/identity/crates/oya-identity-api:oya-identity-api-identity-user-upsert-api
=== [45] oya/identity/crates/oya-identity-domain
FAIL //oya/identity/crates/oya-identity-domain:oya-identity-domain-unittest
oya-identity-domain-credential-revocation
oya-identity-domain-sts-credentials
=== [46] oya/identity/crates/oya-identity-oidc-issuer-kernel
FAIL //oya/identity/crates/oya-identity-oidc-issuer-kernel:oya-identity-oidc-issuer-kernel-unittest
oya-identity-oidc-issuer-kernel-oidc-issuer-kernel
=== [47] oya/identity/crates/oya-identity-usecase
FAIL //oya/identity/crates/oya-identity-usecase:oya-identity-usecase-unittest
oya-identity-usecase-identity-token-issue
oya-identity-usecase-observability
=== [48] oya/identity/crates/oya-identity-workload-api
FAIL //oya/identity/crates/oya-identity-workload-api:oya-identity-workload-api-unittest
oya-identity-workload-api-contracts
=== [49] oya/identity/crates/oya-identity-workload-app
FAIL //oya/identity/crates/oya-identity-workload-app:oya-identity-workload-app-unittest
oya-identity-workload-app-acceptance
=== [50] oya/identity/crates/oya-identity-workload-authz-cedar-adapter
FAIL //oya/identity/crates/oya-identity-workload-authz-cedar-adapter:oya-identity-workload-authz-cedar-adapter-unittest
oya-identity-workload-authz-cedar-adapter-authz-allow-deny
=== [51] oya/identity/crates/oya-identity-workload-domain
FAIL //oya/identity/crates/oya-identity-workload-domain:oya-identity-workload-domain-unittest
oya-identity-workload-domain-workload-principal-lifecycle
DONE all members
