### cargo fmt --all --check
### cargo test -p oya-dev-cli planning_closure
   Compiling oya-dev-cli v0.1.0 (/Users/jasonlee/oyatie-worktrees/fd001-baseline-gate-unification-20260520T183137Z/crates/oya-dev-cli)
    Finished `test` profile [unoptimized + debuginfo] target(s) in 3.42s
     Running unittests src/lib.rs (target/debug/deps/oya_dev_cli-34f696b46a41dae6)

running 0 tests

test result: ok. 0 passed; 0 failed; 0 ignored; 0 measured; 170 filtered out; finished in 0.00s

     Running unittests src/main.rs (target/debug/deps/oya-a706aee21f503a1c)

running 0 tests

test result: ok. 0 passed; 0 failed; 0 ignored; 0 measured; 0 filtered out; finished in 0.00s

     Running tests/audit_chain_replay_cli.rs (target/debug/deps/audit_chain_replay_cli-ce65e52800b2ad15)

running 0 tests

test result: ok. 0 passed; 0 failed; 0 ignored; 0 measured; 2 filtered out; finished in 0.00s

     Running tests/catalog_cli.rs (target/debug/deps/catalog_cli-a6507e702f0d1752)

running 0 tests

test result: ok. 0 passed; 0 failed; 0 ignored; 0 measured; 2 filtered out; finished in 0.00s

     Running tests/cross_tenant_access_cli.rs (target/debug/deps/cross_tenant_access_cli-9ae7a4e0f673df65)

running 0 tests

test result: ok. 0 passed; 0 failed; 0 ignored; 0 measured; 2 filtered out; finished in 0.00s

     Running tests/demo_cli.rs (target/debug/deps/demo_cli-7cdd2af717045bae)

running 0 tests

test result: ok. 0 passed; 0 failed; 0 ignored; 0 measured; 1 filtered out; finished in 0.00s

     Running tests/deployment_ops_contract.rs (target/debug/deps/deployment_ops_contract-b8c073f702e31347)

running 0 tests

test result: ok. 0 passed; 0 failed; 0 ignored; 0 measured; 1 filtered out; finished in 0.00s

     Running tests/doc_cli.rs (target/debug/deps/doc_cli-4edbc2393bb8d29c)

running 0 tests

test result: ok. 0 passed; 0 failed; 0 ignored; 0 measured; 25 filtered out; finished in 0.00s

     Running tests/fd001_manifest_workspace_alignment_cli.rs (target/debug/deps/fd001_manifest_workspace_alignment_cli-b671244428f707ad)

running 0 tests

test result: ok. 0 passed; 0 failed; 0 ignored; 0 measured; 11 filtered out; finished in 0.00s

     Running tests/foundry_capability_schema_cli.rs (target/debug/deps/foundry_capability_schema_cli-1ca39f3e0a0556a0)

running 0 tests

test result: ok. 0 passed; 0 failed; 0 ignored; 0 measured; 3 filtered out; finished in 0.00s

     Running tests/foundry_eval_cli.rs (target/debug/deps/foundry_eval_cli-576c5d44727bec38)

running 0 tests

test result: ok. 0 passed; 0 failed; 0 ignored; 0 measured; 9 filtered out; finished in 0.00s

     Running tests/gate_cli.rs (target/debug/deps/gate_cli-44096da7a417f9c7)

running 11 tests
test planning_closure_gate_rejects_missing_korea_pack_surface ... ok
test planning_closure_gate_rejects_missing_one_click_bootstrap_evidence ... ok
test planning_closure_gate_rejects_no_placeholder_policy_without_false_signal_controls ... ok
test planning_closure_gate_rejects_missing_root_hub_direct_authority_pointer ... ok
test planning_closure_gate_accepts_closed_minimal_masterplan_surface ... ok
test planning_closure_gate_rejects_missing_root_hub_status_ledger_pointer ... ok
test planning_closure_gate_rejects_blocking_masterplan_status ... ok
test planning_closure_gate_accepts_repo_default_paths ... ok
test planning_closure_gate_rejects_stale_discovery_documents ... ok
test planning_closure_gate_rejects_vertical_adr_missing_false_green_phrase ... ok
test planning_closure_gate_rejects_status_ledger_missing_required_exit_evidence ... ok

test result: ok. 11 passed; 0 failed; 0 ignored; 0 measured; 182 filtered out; finished in 0.60s

     Running tests/git_cli.rs (target/debug/deps/git_cli-b3e210d4fce77b73)

running 0 tests

test result: ok. 0 passed; 0 failed; 0 ignored; 0 measured; 4 filtered out; finished in 0.00s

     Running tests/knowledge_graph_semantic.rs (target/debug/deps/knowledge_graph_semantic-d59432c4fce627de)

running 0 tests

test result: ok. 0 passed; 0 failed; 0 ignored; 0 measured; 8 filtered out; finished in 0.00s

     Running tests/lint_cli.rs (target/debug/deps/lint_cli-62c85082dc808039)

running 0 tests

test result: ok. 0 passed; 0 failed; 0 ignored; 0 measured; 4 filtered out; finished in 0.00s

     Running tests/loop_recovery_patterns.rs (target/debug/deps/loop_recovery_patterns-acfa8aefdb3ba43c)

running 0 tests

test result: ok. 0 passed; 0 failed; 0 ignored; 0 measured; 2 filtered out; finished in 0.00s

     Running tests/milestone_audit.rs (target/debug/deps/milestone_audit-952a0a4f9e4ac503)

running 0 tests

test result: ok. 0 passed; 0 failed; 0 ignored; 0 measured; 1 filtered out; finished in 0.00s

     Running tests/onprem_cli.rs (target/debug/deps/onprem_cli-55b298a79ce278e6)

running 0 tests

test result: ok. 0 passed; 0 failed; 0 ignored; 0 measured; 3 filtered out; finished in 0.00s

     Running tests/ops_cli.rs (target/debug/deps/ops_cli-1b8b9fdd7dd33594)

running 0 tests

test result: ok. 0 passed; 0 failed; 0 ignored; 0 measured; 4 filtered out; finished in 0.00s

     Running tests/pr_traceability_cli.rs (target/debug/deps/pr_traceability_cli-c79b67cfe3ebd482)

running 0 tests

test result: ok. 0 passed; 0 failed; 0 ignored; 0 measured; 3 filtered out; finished in 0.00s

     Running tests/product_prd_json.rs (target/debug/deps/product_prd_json-90625a59b3406e88)

running 0 tests

test result: ok. 0 passed; 0 failed; 0 ignored; 0 measured; 2 filtered out; finished in 0.00s

     Running tests/runbook_freshness_cli.rs (target/debug/deps/runbook_freshness_cli-f6e7b690d76aa3fc)

running 0 tests

test result: ok. 0 passed; 0 failed; 0 ignored; 0 measured; 4 filtered out; finished in 0.00s

     Running tests/supply_chain_adr0039.rs (target/debug/deps/supply_chain_adr0039-da5fe4268ed13126)

running 0 tests

test result: ok. 0 passed; 0 failed; 0 ignored; 0 measured; 3 filtered out; finished in 0.00s

### cargo test -p oya-dev-cli glossary_vocabulary
    Finished `test` profile [unoptimized + debuginfo] target(s) in 0.17s
     Running unittests src/lib.rs (target/debug/deps/oya_dev_cli-34f696b46a41dae6)

running 0 tests

test result: ok. 0 passed; 0 failed; 0 ignored; 0 measured; 170 filtered out; finished in 0.00s

     Running unittests src/main.rs (target/debug/deps/oya-a706aee21f503a1c)

running 0 tests

test result: ok. 0 passed; 0 failed; 0 ignored; 0 measured; 0 filtered out; finished in 0.00s

     Running tests/audit_chain_replay_cli.rs (target/debug/deps/audit_chain_replay_cli-ce65e52800b2ad15)

running 0 tests

test result: ok. 0 passed; 0 failed; 0 ignored; 0 measured; 2 filtered out; finished in 0.00s

     Running tests/catalog_cli.rs (target/debug/deps/catalog_cli-a6507e702f0d1752)

running 0 tests

test result: ok. 0 passed; 0 failed; 0 ignored; 0 measured; 2 filtered out; finished in 0.00s

     Running tests/cross_tenant_access_cli.rs (target/debug/deps/cross_tenant_access_cli-9ae7a4e0f673df65)

running 0 tests

test result: ok. 0 passed; 0 failed; 0 ignored; 0 measured; 2 filtered out; finished in 0.00s

     Running tests/demo_cli.rs (target/debug/deps/demo_cli-7cdd2af717045bae)

running 0 tests

test result: ok. 0 passed; 0 failed; 0 ignored; 0 measured; 1 filtered out; finished in 0.00s

     Running tests/deployment_ops_contract.rs (target/debug/deps/deployment_ops_contract-b8c073f702e31347)

running 0 tests

test result: ok. 0 passed; 0 failed; 0 ignored; 0 measured; 1 filtered out; finished in 0.00s

     Running tests/doc_cli.rs (target/debug/deps/doc_cli-4edbc2393bb8d29c)

running 0 tests

test result: ok. 0 passed; 0 failed; 0 ignored; 0 measured; 25 filtered out; finished in 0.00s

     Running tests/fd001_manifest_workspace_alignment_cli.rs (target/debug/deps/fd001_manifest_workspace_alignment_cli-b671244428f707ad)

running 0 tests

test result: ok. 0 passed; 0 failed; 0 ignored; 0 measured; 11 filtered out; finished in 0.00s

     Running tests/foundry_capability_schema_cli.rs (target/debug/deps/foundry_capability_schema_cli-1ca39f3e0a0556a0)

running 0 tests

test result: ok. 0 passed; 0 failed; 0 ignored; 0 measured; 3 filtered out; finished in 0.00s

     Running tests/foundry_eval_cli.rs (target/debug/deps/foundry_eval_cli-576c5d44727bec38)

running 0 tests

test result: ok. 0 passed; 0 failed; 0 ignored; 0 measured; 9 filtered out; finished in 0.00s

     Running tests/gate_cli.rs (target/debug/deps/gate_cli-44096da7a417f9c7)

running 6 tests
test glossary_vocabulary_gate_uses_rationalized_ignored_uppercase_words ... ok
test glossary_vocabulary_gate_rejects_forbidden_active_vocabulary ... ok
test glossary_vocabulary_gate_rejects_stale_ignored_uppercase_words ... ok
test glossary_vocabulary_gate_rejects_warning_outside_baseline ... ok
test glossary_vocabulary_gate_accepts_forensic_retired_terms_and_reports_warnings ... ok
test glossary_vocabulary_gate_writes_warning_source_report ... ok

test result: ok. 6 passed; 0 failed; 0 ignored; 0 measured; 187 filtered out; finished in 0.60s

     Running tests/git_cli.rs (target/debug/deps/git_cli-b3e210d4fce77b73)

running 0 tests

test result: ok. 0 passed; 0 failed; 0 ignored; 0 measured; 4 filtered out; finished in 0.00s

     Running tests/knowledge_graph_semantic.rs (target/debug/deps/knowledge_graph_semantic-d59432c4fce627de)

running 0 tests

test result: ok. 0 passed; 0 failed; 0 ignored; 0 measured; 8 filtered out; finished in 0.00s

     Running tests/lint_cli.rs (target/debug/deps/lint_cli-62c85082dc808039)

running 0 tests

test result: ok. 0 passed; 0 failed; 0 ignored; 0 measured; 4 filtered out; finished in 0.00s

     Running tests/loop_recovery_patterns.rs (target/debug/deps/loop_recovery_patterns-acfa8aefdb3ba43c)

running 0 tests

test result: ok. 0 passed; 0 failed; 0 ignored; 0 measured; 2 filtered out; finished in 0.00s

     Running tests/milestone_audit.rs (target/debug/deps/milestone_audit-952a0a4f9e4ac503)

running 0 tests

test result: ok. 0 passed; 0 failed; 0 ignored; 0 measured; 1 filtered out; finished in 0.00s

     Running tests/onprem_cli.rs (target/debug/deps/onprem_cli-55b298a79ce278e6)

running 0 tests

test result: ok. 0 passed; 0 failed; 0 ignored; 0 measured; 3 filtered out; finished in 0.00s

     Running tests/ops_cli.rs (target/debug/deps/ops_cli-1b8b9fdd7dd33594)

running 0 tests

test result: ok. 0 passed; 0 failed; 0 ignored; 0 measured; 4 filtered out; finished in 0.00s

     Running tests/pr_traceability_cli.rs (target/debug/deps/pr_traceability_cli-c79b67cfe3ebd482)

running 0 tests

test result: ok. 0 passed; 0 failed; 0 ignored; 0 measured; 3 filtered out; finished in 0.00s

     Running tests/product_prd_json.rs (target/debug/deps/product_prd_json-90625a59b3406e88)

running 0 tests

test result: ok. 0 passed; 0 failed; 0 ignored; 0 measured; 2 filtered out; finished in 0.00s

     Running tests/runbook_freshness_cli.rs (target/debug/deps/runbook_freshness_cli-f6e7b690d76aa3fc)

running 0 tests

test result: ok. 0 passed; 0 failed; 0 ignored; 0 measured; 4 filtered out; finished in 0.00s

     Running tests/supply_chain_adr0039.rs (target/debug/deps/supply_chain_adr0039-da5fe4268ed13126)

running 0 tests

test result: ok. 0 passed; 0 failed; 0 ignored; 0 measured; 3 filtered out; finished in 0.00s

### cargo build -p oya-dev-cli
    Finished `dev` profile [unoptimized + debuginfo] target(s) in 0.16s
### ./target/debug/oya planning-closure
planning-closure validation passed: 2 verticals, 11 surfaces, 12 kr-pack surfaces, 74 architecture rules, 305 status fields checked, blocker_count=0
### ./target/debug/oya quality-lanes
quality lane validation passed: 97 registry records, 97 markdown rows, 92 active commands, 39 owner teams
### ./target/debug/oya foundry-eval
foundry eval validation passed: 1 capabilities, 7 cases, 1 passing runs
### ./target/debug/oya glossary-vocabulary
glossary vocabulary validation passed: 889 documents, 755 casing warnings, 1307 uncited acronym warnings
### ./target/debug/oya regulated-ai-refusal-grounding
regulated-ai-refusal-grounding: 141 capabilities, 5 claims, 184 cedar fragments, 42 µservices
