== final evidence json ==
json evidence PASS
== audit-chain jsonl ==
audit-chain JSONL PASS
== diff check ==
== dependency seam evidence report-only ==
dependency-seam validation passed: 6 subchecks, 4 pass, 1 report-only, 1 skipped, 0 fail, 8 diagnostics, 0 blocking
== oya-foundry-vcs-admission ==
2026-05-20T16:07:20-04:00	INFO	[vuln] Vulnerability scanning is enabled
2026-05-20T16:07:20-04:00	INFO	Number of language-specific files	num=1
2026-05-20T16:07:20-04:00	INFO	[cargo] Detecting vulnerabilities...

Report Summary

┌────────────┬───────┬─────────────────┐
│   Target   │ Type  │ Vulnerabilities │
├────────────┼───────┼─────────────────┤
│ Cargo.lock │ cargo │        0        │
└────────────┴───────┴─────────────────┘
Legend:
- '-': Not scanned
- '0': Clean (no security findings detected)

2026-05-20T16:07:20-04:00	INFO	[misconfig] Misconfiguration scanning is enabled
2026-05-20T16:07:20-04:00	INFO	[checks-client] Using existing checks from cache	path="/Users/jasonlee/Library/Caches/trivy/policy/content"
2026-05-20T16:07:21-04:00	INFO	[terraform scanner] Scanning root module	file_path="cloudflare"
2026-05-20T16:07:21-04:00	WARN	[terraform parser] Variable values were not found in the environment or variable files. Evaluating may not work correctly.	module="root" variables="cloudflare_account_id, cloudflare_api_token, cloudflare_zone_id"
2026-05-20T16:07:21-04:00	INFO	[terraform scanner] Scanning root module	file_path="oci"
2026-05-20T16:07:21-04:00	WARN	[terraform parser] Variable values were not found in the environment or variable files. Evaluating may not work correctly.	module="root" variables="ssh_authorized_keys, stage0_image_ocid, tenancy_ocid"
2026-05-20T16:07:21-04:00	INFO	Detected config files	num=5

Report Summary

┌───────────────────────────────────────────────────────────┬────────────┬───────────────────┐
│                          Target                           │    Type    │ Misconfigurations │
├───────────────────────────────────────────────────────────┼────────────┼───────────────────┤
│ cloudflare                                                │ terraform  │         0         │
├───────────────────────────────────────────────────────────┼────────────┼───────────────────┤
│ kyverno/oya-vcs-admission/application.json                │ kubernetes │         0         │
├───────────────────────────────────────────────────────────┼────────────┼───────────────────┤
│ kyverno/policies/require-signed-images.yaml               │ kubernetes │         0         │
├───────────────────────────────────────────────────────────┼────────────┼───────────────────┤
│ oci                                                       │ terraform  │         0         │
├───────────────────────────────────────────────────────────┼────────────┼───────────────────┤
│ onprem/kubeadm/post-install/kube-proxy-iptables-mode.yaml │ kubernetes │         0         │
└───────────────────────────────────────────────────────────┴────────────┴───────────────────┘
Legend:
- '-': Not scanned
- '0': Clean (no security findings detected)

2026-05-20T16:07:21-04:00	INFO	[vuln] Vulnerability scanning is enabled
2026-05-20T16:07:21-04:00	INFO	[secret] Secret scanning is enabled
2026-05-20T16:07:21-04:00	INFO	[secret] If your scanning is slow, please try '--scanners vuln,license' to disable secret scanning
2026-05-20T16:07:21-04:00	INFO	[secret] Please see https://trivy.dev/docs/v0.70/guide/scanner/secret#recommendation for faster secret detection
2026-05-20T16:07:21-04:00	INFO	[license] License scanning is enabled
2026-05-20T16:07:23-04:00	INFO	Number of language-specific files	num=1
2026-05-20T16:07:23-04:00	INFO	[cargo] Detecting vulnerabilities...
argo gitops desired-state validation passed: infra/kyverno/oya-vcs-admission/application.json
oya-vcs provider execution validation passed: ci/github-actions/trivy/argo-gitops
    Finished `test` profile [unoptimized + debuginfo] target(s) in 0.15s
     Running unittests src/lib.rs (target/debug/deps/oya_foundry_vcs_ast_index_kernel-d5a24b2dd67cdffa)

running 9 tests
test tests::production_parser_gap_rejects_unrelated_pointer_scope ... ok
test tests::ranges_normalize_to_review_mapping_key ... ok
test tests::explicit_pointer_scope_allows_production_parser_gap ... ok
test tests::production_parser_gap_rejects_whole_file_pointer_scope ... ok
test tests::cache_key_invalidates_when_source_digest_changes ... ok
test tests::parser_failure_without_explicit_pointer_scope_blocks_production ... ok
test tests::impacted_tests_and_build_artifacts_follow_reverse_dependencies ... ok
test tests::semantic_conflict_is_symmetric_for_reverse_dependencies ... ok
test tests::symbol_ids_are_stable_for_same_pointer_and_path ... ok

test result: ok. 9 passed; 0 failed; 0 ignored; 0 measured; 0 filtered out; finished in 0.00s

     Running tests/gitops_vcs_ip_009.rs (target/debug/deps/gitops_vcs_ip_009-6b0e814d49104291)

running 8 tests
test parser_fallback_rejects_whole_file_scope ... ok
test parser_failure_without_pointer_scope_blocks_production ... ok
test parser_fallback_rejects_unrelated_pointer_scope ... ok
test symbol_id_and_range_contracts_are_stable ... ok
test stale_cache_key_blocks_promotion ... ok
test explicit_pointer_scope_allows_contract_parser_fallback ... ok
test impacted_tests_and_build_closure_are_semantic_not_whole_tree ... ok
test semantic_conflict_is_symmetric ... ok

test result: ok. 8 passed; 0 failed; 0 ignored; 0 measured; 0 filtered out; finished in 0.00s

     Running unittests src/lib.rs (target/debug/deps/oya_foundry_vcs_changebundle_kernel-4bb795f317a92d1f)

running 10 tests
test tests::protected_ref_mutation_quarantines_promotion ... ok
test tests::digest_and_evidence_freshness_are_enforced ... ok
test tests::bundle_publishes_promotion_evidence ... ok
test tests::artifact_mismatch_quarantines_bundle ... ok
test tests::done_emits_bundle_without_protected_ref_mutation ... ok
test tests::requested_or_rejected_promotion_does_not_publish_bundle ... ok
test tests::unclaimed_diff_is_rejected ... ok
test tests::schema_provenance_and_coverage_validation_accepts_signed_fixture ... ok
test tests::unclaimed_touched_artifact_is_rejected ... ok
test tests::unsigned_bundle_is_rejected ... ok

test result: ok. 10 passed; 0 failed; 0 ignored; 0 measured; 0 filtered out; finished in 0.00s

     Running unittests src/lib.rs (target/debug/deps/oya_foundry_vcs_cli_ratchet_kernel-adf763cea359bfd8)

running 10 tests
test tests::lifecycle_sequence_requires_claim_before_work_verify_done_promote ... ok
test tests::agent_flow_claim_work_verify_done_promote_uses_controller_actions_in_order ... ok
test tests::parses_grit_compatible_claim_work_verify_done_surface ... ok
test tests::option_values_cannot_be_other_flags ... ok
test tests::command_sequence_rejects_out_of_order_done ... ok
test tests::detects_forbidden_git_and_gh_without_false_gitops_match ... ok
test tests::done_requires_evidence_and_blocks_local_only_closeout_after_ratchet ... ok
test tests::enforcement_rejects_direct_git_and_gh_evidence ... ok
test tests::parses_status_symbols_queue_watch_and_promote ... ok
test tests::warn_stage_warns_but_does_not_block_forbidden_primitives ... ok

test result: ok. 10 passed; 0 failed; 0 ignored; 0 measured; 0 filtered out; finished in 0.00s

     Running tests/gitops_vcs_ip_005.rs (target/debug/deps/gitops_vcs_ip_005-c828c99090d495cd)

running 5 tests
test malformed_option_value_and_incomplete_lifecycle_are_rejected ... ok
test local_only_closeout_is_blocked_after_ratchet_arm ... ok
test grit_alias_claim_maps_to_controller_lock_claim ... ok
test claim_work_verify_done_promote_flow_is_controller_ordered ... ok
test direct_provider_primitives_are_rejected_after_ratchet_arm ... ok

test result: ok. 5 passed; 0 failed; 0 ignored; 0 measured; 0 filtered out; finished in 0.00s

     Running unittests src/lib.rs (target/debug/deps/oya_foundry_vcs_kernel-b1017443843d8525)

running 22 tests
test lock_holder::tests::from_wire_rejects_missing_holder_prefix ... ok
test lock_holder::injectivity_tests::claim_id_with_slash_is_rejected ... ok
test lock_holder::tests::from_wire_round_trips_value ... ok
test lock_holder::tests::empty_agent_id_is_rejected ... ok
test lock_holder::tests::holder_ids_are_ordered_by_value ... ok
test lock_holder::tests::from_wire_rejects_missing_slash ... ok
test lock_holder::tests::empty_claim_id_after_prefix_is_rejected ... ok
test lock_holder::injectivity_tests::agent_id_with_slash_is_rejected ... ok
test lock_holder::tests::missing_claim_prefix_is_rejected ... ok
test lock_holder::tests::valid_holder_id_encodes_agent_and_claim ... ok
test lock_holder::unicode_whitespace_tests::unicode_nbsp_in_agent_id_rejected ... ok
test lock_holder::unicode_whitespace_tests::unicode_nbsp_in_claim_id_rejected ... ok
test lock_holder::unicode_whitespace_tests::unicode_nbsp_in_wire_rejected ... ok
test tests::changeset_rejects_unclaimed_touched_artifact ... ok
test tests::changeset_rejects_non_sha_base ... ok
test tests::pointer_claim_does_not_cover_whole_file_touched_artifact ... ok
test tests::changeset_requires_claim_coverage_and_evidence ... ok
test tests::queue_aware_lease_releases_only_after_terminal_promotion ... ok
test tests::virtual_head_is_projection_only_and_has_status ... ok
test tests::same_symbol_write_claims_conflict ... ok
test tests::same_file_different_symbol_write_claims_are_compatible ... ok
test tests::symbol_encoding_separates_whole_file_from_pointer_scope ... ok

test result: ok. 22 passed; 0 failed; 0 ignored; 0 measured; 0 filtered out; finished in 0.00s

     Running tests/gitops_vcs_ip_001.rs (target/debug/deps/gitops_vcs_ip_001-ff22b67009e6ec34)

running 8 tests
test virtual_head_is_review_build_projection_only ... ok
test whole_file_and_pointer_symbol_ids_do_not_collide ... ok
test queue_aware_lease_cannot_override_grit_lock_before_terminal_promotion ... ok
test pointer_claim_does_not_cover_whole_file_touched_artifact ... ok
test conflicting_write_claim_is_rejected ... ok
test changeset_requires_claim_coverage_and_fresh_evidence_ref ... ok
test unclaimed_touched_file_is_rejected ... ok
test same_file_different_symbol_claims_do_not_collide ... ok

test result: ok. 8 passed; 0 failed; 0 ignored; 0 measured; 0 filtered out; finished in 0.00s

     Running unittests src/lib.rs (target/debug/deps/oya_foundry_vcs_lockstore_adapter-09338c9b423ccf10)

running 8 tests
test tests::duplicate_event_collapse_preserves_single_provider_event ... ok
test tests::stale_recovery_without_grit_evidence_is_rejected ... ok
test tests::ttl_heartbeat_extends_active_lease ... ok
test tests::non_owner_stale_release_is_rejected ... ok
test tests::idempotent_claim_and_owner_release ... ok
test tests::stale_agent_expires_and_queued_agent_can_claim ... ok
test tests::expired_owner_cannot_heartbeat_without_stale_recovery_evidence ... ok
test tests::local_and_remote_fake_ttl_watch_replay_and_stale_recovery ... ok

test result: ok. 8 passed; 0 failed; 0 ignored; 0 measured; 0 filtered out; finished in 0.00s

     Running unittests src/lib.rs (target/debug/deps/oya_foundry_vcs_polyglot_indexer_adapter-bee19268eda48d9c)

running 5 tests
test tests::unsupported_production_surface_blocks ... ok
test tests::parser_failure_without_explicit_pointer_blocks_production ... ok
test tests::parser_failure_uses_explicit_pointer_fallback ... ok
test tests::polyglot_diff_maps_dependencies_tests_and_promotion_blockers ... ok
test tests::normalizes_symbols_across_polyglot_fixture_corpus ... ok

test result: ok. 5 passed; 0 failed; 0 ignored; 0 measured; 0 filtered out; finished in 0.00s

     Running tests/ip006_polyglot.rs (target/debug/deps/ip006_polyglot-bb5834a720769774)

running 2 tests
test public_adapter_blocks_unknown_prod_surface_and_accepts_explicit_parser_gap ... ok
test public_adapter_extracts_diff_impact_from_polyglot_dependencies ... ok

test result: ok. 2 passed; 0 failed; 0 ignored; 0 measured; 0 filtered out; finished in 0.00s

     Running unittests src/lib.rs (target/debug/deps/oya_foundry_vcs_promotion_controller_kernel-8f0cda9a71faff63)

running 0 tests

test result: ok. 0 passed; 0 failed; 0 ignored; 0 measured; 0 filtered out; finished in 0.00s

     Running tests/gitops_vcs_ip_004.rs (target/debug/deps/gitops_vcs_ip_004-03692f127110f24a)

running 7 tests
test unhealthy_environment_and_admission_fixup_reject ... ok
test transition_reducer_promotes_bundle_to_reconciled_release_train ... ok
test rollback_and_readiness_states_are_explicit ... ok
test provider_slot_kind_mismatch_rejects_promotion ... ok
test stale_index_cache_admission_evidence_rejects_promotion ... ok
test duplicate_promotion_requests_collapse_by_idempotency_key ... ok
test provider_outage_falls_back_only_when_policy_allows ... ok

test result: ok. 7 passed; 0 failed; 0 ignored; 0 measured; 0 filtered out; finished in 0.00s

     Running unittests src/lib.rs (target/debug/deps/oya_foundry_vcs_review_mergequeue_kernel-2a00d7728cde896b)

running 28 tests
test parked_state::tests::parked_reason_wire_strings_are_stable ... ok
test pr_retry_budget::tests::budget_rejects_pr_zero ... ok
test parked_state::tests::parked_pr_constructor_rejects_invalid_inputs ... ok
test parked_state::tests::has_new_head_detects_fix_landing ... ok
test fairness::tests::duplicate_position_rejected ... ok
test pr_retry_budget::tests::mark_merged_clears_counter ... ok
test pr_retry_budget::tests::budget_proceeds_under_cap_and_evicts_at_cap ... ok
test fairness::tests::idle_when_all_parked ... ok
test scheduler::tests::admit_appends_with_incrementing_position ... ok
test fairness::tests::fifo_pick_skips_parked_and_evicted ... ok
test fairness::tests::acceptance_scenario_a_b_c_a_parked_b_and_c_continue ... ok
test scheduler::tests::admit_rejects_duplicate_pr_number ... ok
test scheduler::tests::idle_tick_logged_when_all_parked ... ok
test scheduler::tests::concurrent_fix_loops_converge_one_merges_other_re_parks ... ok
test scheduler::tests::park_preserves_queue_position_and_skips_in_picking ... ok
test scheduler::tests::speculative_rebase_reprojects_when_head_advanced ... ok
test speculative_rebase::tests::fast_path_when_queue_head_unchanged ... ok
test scheduler::tests::revalidate_parked_proceeds_until_budget_exhaustion ... ok
test speculative_rebase::tests::rejects_invalid_sha ... ok
test speculative_rebase::tests::no_op_when_no_new_head ... ok
test speculative_rebase::tests::reproject_when_queue_head_advanced ... ok
test tests::fake_review_ci_and_merge_queue_inject_failures ... ok
test tests::fixup_task_requires_owner_and_bounded_locks ... ok
test tests::negative_agent_owned_rebase_is_rejected ... ok
test tests::stale_issue_digest_blocks_promotion_after_sla ... ok
test tests::rejected_review_fix_reenters_queue_and_independent_change_bypasses_failed_item ... ok
test tests::terminal_state_reducer_blocks_release_until_terminal ... ok
test tests::terminal_states_absorb_until_lock_release ... ok

test result: ok. 28 passed; 0 failed; 0 ignored; 0 measured; 0 filtered out; finished in 0.00s

     Running unittests src/lib.rs (target/debug/deps/oya_foundry_vcs_test_standard_gate_kernel-57bfb311c361612c)

running 8 tests
test tests::diff_to_required_tier_resolver_is_semantic ... ok
test tests::advisory_only_evidence_cannot_satisfy_required_tier ... ok
test tests::registry_driven_selection_uses_surface_language_and_package ... ok
test tests::unaccounted_generated_client_or_contract_blocks ... ok
test tests::failing_required_integration_and_e2e_block_and_emit_fixup_tasks ... ok
test tests::accounting_must_match_changed_artifact ... ok
test tests::stale_evidence_blocks_promotion ... ok
test tests::fresh_required_evidence_with_accounting_admits_bundle ... ok

test result: ok. 8 passed; 0 failed; 0 ignored; 0 measured; 0 filtered out; finished in 0.00s

     Running tests/gitops_vcs_ip_008.rs (target/debug/deps/gitops_vcs_ip_008-909224bca1099d22)

running 6 tests
test deploy_edge_and_semantic_diff_require_e2e_contract_and_property_tiers ... ok
test advisory_required_tier_is_blocking_not_a_pass ... ok
test generated_client_accounting_must_reference_changed_artifact ... ok
test stale_after_rebase_evidence_blocks_even_when_result_passed ... ok
test controller_admission_blocks_missing_required_e2e_evidence_with_fixup ... ok
test generated_client_accounting_is_required_for_admission ... ok

test result: ok. 6 passed; 0 failed; 0 ignored; 0 measured; 0 filtered out; finished in 0.00s

    Finished `test` profile [unoptimized + debuginfo] target(s) in 0.22s
     Running unittests src/lib.rs (target/debug/deps/oya_dev_cli-34f696b46a41dae6)

running 5 tests
test commands::vcs::tests::parse_vcs_args_accepts_policy_format_and_evidence_command ... ok
test commands::vcs::tests::json_rendering_includes_controller_plan ... ok
test commands::vcs::tests::verify_command_accepts_evidence_and_maps_to_controller_action ... ok
test commands::vcs::tests::enforce_policy_rejects_forbidden_provider_command_evidence ... ok
test commands::vcs::tests::enforce_policy_rejects_done_without_evidence ... ok

test result: ok. 5 passed; 0 failed; 0 ignored; 0 measured; 165 filtered out; finished in 0.00s

     Running unittests src/main.rs (target/debug/deps/oya-a706aee21f503a1c)

running 0 tests

test result: ok. 0 passed; 0 failed; 0 ignored; 0 measured; 0 filtered out; finished in 0.00s

     Running tests/audit_chain_replay_cli.rs (target/debug/deps/audit_chain_replay_cli-ce65e52800b2ad15)

running 0 tests

test result: ok. 0 passed; 0 failed; 0 ignored; 0 measured; 2 filtered out; finished in 0.00s

     Running tests/catalog_cli.rs (target/debug/deps/catalog_cli-a6507e702f0d1752)

running 0 tests

test result: ok. 0 passed; 0 failed; 0 ignored; 0 measured; 2 filtered out; finished in 0.00s

     Running tests/cross_tenant_access_cli.rs (target/debug/deps/cross_tenant_access_cli-9ae7a4e0f673df65)

running 0 tests

test result: ok. 0 passed; 0 failed; 0 ignored; 0 measured; 2 filtered out; finished in 0.00s

     Running tests/demo_cli.rs (target/debug/deps/demo_cli-7cdd2af717045bae)

running 0 tests

test result: ok. 0 passed; 0 failed; 0 ignored; 0 measured; 1 filtered out; finished in 0.00s

     Running tests/deployment_ops_contract.rs (target/debug/deps/deployment_ops_contract-b8c073f702e31347)

running 0 tests

test result: ok. 0 passed; 0 failed; 0 ignored; 0 measured; 1 filtered out; finished in 0.00s

     Running tests/doc_cli.rs (target/debug/deps/doc_cli-4edbc2393bb8d29c)

running 0 tests

test result: ok. 0 passed; 0 failed; 0 ignored; 0 measured; 25 filtered out; finished in 0.00s

     Running tests/fd001_manifest_workspace_alignment_cli.rs (target/debug/deps/fd001_manifest_workspace_alignment_cli-b671244428f707ad)

running 0 tests

test result: ok. 0 passed; 0 failed; 0 ignored; 0 measured; 11 filtered out; finished in 0.00s

     Running tests/foundry_capability_schema_cli.rs (target/debug/deps/foundry_capability_schema_cli-1ca39f3e0a0556a0)

running 0 tests

test result: ok. 0 passed; 0 failed; 0 ignored; 0 measured; 3 filtered out; finished in 0.00s

     Running tests/foundry_eval_cli.rs (target/debug/deps/foundry_eval_cli-576c5d44727bec38)

running 0 tests

test result: ok. 0 passed; 0 failed; 0 ignored; 0 measured; 9 filtered out; finished in 0.00s

     Running tests/gate_cli.rs (target/debug/deps/gate_cli-44096da7a417f9c7)

running 0 tests

test result: ok. 0 passed; 0 failed; 0 ignored; 0 measured; 193 filtered out; finished in 0.00s

     Running tests/git_cli.rs (target/debug/deps/git_cli-b3e210d4fce77b73)

running 0 tests

test result: ok. 0 passed; 0 failed; 0 ignored; 0 measured; 4 filtered out; finished in 0.00s

     Running tests/knowledge_graph_semantic.rs (target/debug/deps/knowledge_graph_semantic-d59432c4fce627de)

running 0 tests

test result: ok. 0 passed; 0 failed; 0 ignored; 0 measured; 8 filtered out; finished in 0.00s

     Running tests/lint_cli.rs (target/debug/deps/lint_cli-62c85082dc808039)

running 0 tests

test result: ok. 0 passed; 0 failed; 0 ignored; 0 measured; 4 filtered out; finished in 0.00s

     Running tests/loop_recovery_patterns.rs (target/debug/deps/loop_recovery_patterns-acfa8aefdb3ba43c)

running 0 tests

test result: ok. 0 passed; 0 failed; 0 ignored; 0 measured; 2 filtered out; finished in 0.00s

     Running tests/milestone_audit.rs (target/debug/deps/milestone_audit-952a0a4f9e4ac503)

running 0 tests

test result: ok. 0 passed; 0 failed; 0 ignored; 0 measured; 1 filtered out; finished in 0.00s

     Running tests/onprem_cli.rs (target/debug/deps/onprem_cli-55b298a79ce278e6)

running 0 tests

test result: ok. 0 passed; 0 failed; 0 ignored; 0 measured; 3 filtered out; finished in 0.00s

     Running tests/ops_cli.rs (target/debug/deps/ops_cli-1b8b9fdd7dd33594)

running 0 tests

test result: ok. 0 passed; 0 failed; 0 ignored; 0 measured; 4 filtered out; finished in 0.00s

     Running tests/pr_traceability_cli.rs (target/debug/deps/pr_traceability_cli-c79b67cfe3ebd482)

running 0 tests

test result: ok. 0 passed; 0 failed; 0 ignored; 0 measured; 3 filtered out; finished in 0.00s

     Running tests/product_prd_json.rs (target/debug/deps/product_prd_json-90625a59b3406e88)

running 0 tests

test result: ok. 0 passed; 0 failed; 0 ignored; 0 measured; 2 filtered out; finished in 0.00s

     Running tests/runbook_freshness_cli.rs (target/debug/deps/runbook_freshness_cli-f6e7b690d76aa3fc)

running 0 tests

test result: ok. 0 passed; 0 failed; 0 ignored; 0 measured; 4 filtered out; finished in 0.00s

     Running tests/supply_chain_adr0039.rs (target/debug/deps/supply_chain_adr0039-da5fe4268ed13126)

running 0 tests

test result: ok. 0 passed; 0 failed; 0 ignored; 0 measured; 3 filtered out; finished in 0.00s

oya-foundry-vcs-admission-gate-app: metadata and authority checks passed; cargo tests + CLI smoke passed
